#
# There is insufficient memory for the Java Runtime Environment to continue.
# Native memory allocation (mmap) failed to map 355467264 bytes for G1 virtual space
# Possible reasons:
#   The system is out of physical RAM or swap space
#   The process is running with CompressedOops enabled, and the Java Heap may be blocking the growth of the native heap
# Possible solutions:
#   Reduce memory load on the system
#   Increase physical memory or swap space
#   Check if swap backing store is full
#   Decrease Java heap size (-Xmx/-Xms)
#   Decrease number of Java threads
#   Decrease Java thread stack sizes (-Xss)
#   Set larger code cache with -XX:ReservedCodeCacheSize=
#   JVM is running with Unscaled Compressed Oops mode in which the Java heap is
#     placed in the first 4GB address space. The Java Heap base address is the
#     maximum limit for the native heap growth. Please use -XX:HeapBaseMinAddress
#     to set the Java Heap base and to place the Java Heap above 4GB virtual address.
# This output file may be truncated or incomplete.
#
#  Out of Memory Error (os_windows.cpp:3548), pid=24788, tid=23328
#
# JRE version: Java(TM) SE Runtime Environment (17.0.12+8) (build 17.0.12+8-LTS-286)
# Java VM: Java HotSpot(TM) 64-Bit Server VM (17.0.12+8-LTS-286, mixed mode, emulated-client, sharing, tiered, compressed oops, compressed class ptrs, g1 gc, windows-amd64)
# No core dump will be written. Minidumps are not enabled by default on client versions of Windows
#

---------------  S U M M A R Y ------------

Command Line: -XX:TieredStopAtLevel=1 com.celebstash.backend.BackendApplication

Host: 11th Gen Intel(R) Core(TM) i7-1165G7 @ 2.80GHz, 8 cores, 7G,  Windows 11 , 64 bit Build 26100 (10.0.26100.9168)
Time: Fri Aug 28 09:55:57 2026 South Africa Standard Time elapsed time: 796.445552 seconds (0d 0h 13m 16s)

---------------  T H R E A D  ---------------

Current thread (0x000001b589c6bea0):  VMThread "VM Thread" [stack: 0x000000ae1e900000,0x000000ae1ea00000] [id=23328]

Stack: [0x000000ae1e900000,0x000000ae1ea00000]
Native frames: (J=compiled Java code, j=interpreted, Vv=VM code, C=native code)
V  [jvm.dll+0x67a04a]
V  [jvm.dll+0x7da4ed]
V  [jvm.dll+0x7dbe33]
V  [jvm.dll+0x7dc4a3]
V  [jvm.dll+0x24508f]
V  [jvm.dll+0x677089]
V  [jvm.dll+0x66bd32]
V  [jvm.dll+0x301fa6]
V  [jvm.dll+0x309546]
V  [jvm.dll+0x359d2e]
V  [jvm.dll+0x359f5f]
V  [jvm.dll+0x2d9078]
V  [jvm.dll+0x2d74ad]
V  [jvm.dll+0x2d6afc]
V  [jvm.dll+0x31a65b]
V  [jvm.dll+0x7e0d9b]
V  [jvm.dll+0x7e1ad4]
V  [jvm.dll+0x7e1fed]
V  [jvm.dll+0x7e23c4]
V  [jvm.dll+0x7e2490]
V  [jvm.dll+0x78abea]
V  [jvm.dll+0x678f35]
C  [ucrtbase.dll+0x2cd30]
C  [KERNEL32.DLL+0x2ccb7]
C  [ntdll.dll+0xaad6c]

VM_Operation (0x000000ae1fcf6aa0): G1CollectForAllocation, mode: safepoint, requested by thread 0x000001b5cfad6070


---------------  P R O C E S S  ---------------

Threads class SMR info:
_java_thread_list=0x000001b5d1affdc0, length=20, elements={
0x000001b5f7d994c0, 0x000001b589c70850, 0x000001b589c71210, 0x000001b589c8b520,
0x000001b589c8bee0, 0x000001b589c8c8a0, 0x000001b589c8d260, 0x000001b589c9ad10,
0x000001b589ca0c20, 0x000001b5cf0ef3b0, 0x000001b5cf0f76c0, 0x000001b5cfa3db00,
0x000001b5cfad6070, 0x000001b5d0f44830, 0x000001b5d133d030, 0x000001b5d0f44d10,
0x000001b5d147a010, 0x000001b5d147a4f0, 0x000001b5d1a57060, 0x000001b5d1a5a030
}

Java Threads: ( => current thread )
  0x000001b5f7d994c0 JavaThread "main" [_thread_blocked, id=15984, stack(0x000000ae1e300000,0x000000ae1e400000)]
  0x000001b589c70850 JavaThread "Reference Handler" daemon [_thread_blocked, id=28936, stack(0x000000ae1ea00000,0x000000ae1eb00000)]
  0x000001b589c71210 JavaThread "Finalizer" daemon [_thread_blocked, id=20152, stack(0x000000ae1eb00000,0x000000ae1ec00000)]
  0x000001b589c8b520 JavaThread "Signal Dispatcher" daemon [_thread_blocked, id=31360, stack(0x000000ae1ec00000,0x000000ae1ed00000)]
  0x000001b589c8bee0 JavaThread "Attach Listener" daemon [_thread_blocked, id=27064, stack(0x000000ae1ed00000,0x000000ae1ee00000)]
  0x000001b589c8c8a0 JavaThread "Service Thread" daemon [_thread_blocked, id=3788, stack(0x000000ae1ee00000,0x000000ae1ef00000)]
  0x000001b589c8d260 JavaThread "Monitor Deflation Thread" daemon [_thread_blocked, id=29620, stack(0x000000ae1ef00000,0x000000ae1f000000)]
  0x000001b589c9ad10 JavaThread "C1 CompilerThread0" daemon [_thread_blocked, id=29012, stack(0x000000ae1f000000,0x000000ae1f100000)]
  0x000001b589ca0c20 JavaThread "Sweeper thread" daemon [_thread_blocked, id=31200, stack(0x000000ae1f100000,0x000000ae1f200000)]
  0x000001b5cf0ef3b0 JavaThread "Notification Thread" daemon [_thread_blocked, id=22704, stack(0x000000ae1f400000,0x000000ae1f500000)]
  0x000001b5cf0f76c0 JavaThread "Common-Cleaner" daemon [_thread_blocked, id=12056, stack(0x000000ae1f600000,0x000000ae1f700000)]
  0x000001b5cfa3db00 JavaThread "Thread-0" [_thread_blocked, id=32572, stack(0x000000ae1fb00000,0x000000ae1fc00000)]
  0x000001b5cfad6070 JavaThread "restartedMain" [_thread_blocked, id=1524, stack(0x000000ae1fc00000,0x000000ae1fd00000)]
  0x000001b5d0f44830 JavaThread "Catalina-utility-1" [_thread_blocked, id=33076, stack(0x000000ae20100000,0x000000ae20200000)]
  0x000001b5d133d030 JavaThread "Catalina-utility-2" [_thread_blocked, id=9552, stack(0x000000ae20200000,0x000000ae20300000)]
  0x000001b5d0f44d10 JavaThread "container-0" [_thread_blocked, id=17496, stack(0x000000ae20300000,0x000000ae20400000)]
  0x000001b5d147a010 JavaThread "PostgreSQL-JDBC-Cleaner" daemon [_thread_blocked, id=32796, stack(0x000000ae20500000,0x000000ae20600000)]
  0x000001b5d147a4f0 JavaThread "HikariPool-1:housekeeper" daemon [_thread_blocked, id=31392, stack(0x000000ae20600000,0x000000ae20700000)]
  0x000001b5d1a57060 JavaThread "C1 CompilerThread1" daemon [_thread_blocked, id=33204, stack(0x000000ae1e000000,0x000000ae1e100000)]
  0x000001b5d1a5a030 JavaThread "C1 CompilerThread2" daemon [_thread_blocked, id=15844, stack(0x000000ae1e100000,0x000000ae1e200000)]

Other Threads:
=>0x000001b589c6bea0 VMThread "VM Thread" [stack: 0x000000ae1e900000,0x000000ae1ea00000] [id=23328]
  0x000001b5f7e1c160 WatcherThread [stack: 0x000000ae1f500000,0x000000ae1f600000] [id=28052]
  0x000001b5f7dfed00 GCTaskThread "GC Thread#0" [stack: 0x000000ae1e400000,0x000000ae1e500000] [id=27784]
  0x000001b5cfa83880 GCTaskThread "GC Thread#1" [stack: 0x000000ae1f700000,0x000000ae1f800000] [id=13224]
  0x000001b5cfa3cc10 GCTaskThread "GC Thread#2" [stack: 0x000000ae1f800000,0x000000ae1f900000] [id=2376]
  0x000001b5cfaed320 GCTaskThread "GC Thread#3" [stack: 0x000000ae1f900000,0x000000ae1fa00000] [id=3396]
  0x000001b5cfaed5e0 GCTaskThread "GC Thread#4" [stack: 0x000000ae1fa00000,0x000000ae1fb00000] [id=32392]
  0x000001b5cfc3a350 GCTaskThread "GC Thread#5" [stack: 0x000000ae1fe00000,0x000000ae1ff00000] [id=12120]
  0x000001b5cfc3a090 GCTaskThread "GC Thread#6" [stack: 0x000000ae1ff00000,0x000000ae20000000] [id=33060]
  0x000001b5cfc3a610 GCTaskThread "GC Thread#7" [stack: 0x000000ae20000000,0x000000ae20100000] [id=33496]
  0x000001b5f7e0f4a0 ConcurrentGCThread "G1 Main Marker" [stack: 0x000000ae1e500000,0x000000ae1e600000] [id=26308]
  0x000001b5f7e10a80 ConcurrentGCThread "G1 Conc#0" [stack: 0x000000ae1e600000,0x000000ae1e700000] [id=2568]
  0x000001b5cfc3ae50 ConcurrentGCThread "G1 Conc#1" [stack: 0x000000ae1fd00000,0x000000ae1fe00000] [id=22588]
  0x000001b5f7e4eae0 ConcurrentGCThread "G1 Refine#0" [stack: 0x000000ae1e700000,0x000000ae1e800000] [id=7252]
  0x000001b589b29500 ConcurrentGCThread "G1 Service" [stack: 0x000000ae1e800000,0x000000ae1e900000] [id=11708]

Threads with active compile tasks:

VM state: at safepoint (normal execution)

VM Mutex/Monitor currently owned by a thread:  ([mutex/lock_event])
[0x000001b5f7d95bf0] Threads_lock - owner thread: 0x000001b589c6bea0
[0x000001b5f7d951d0] Heap_lock - owner thread: 0x000001b5cfad6070

Heap address: 0x0000000083600000, size: 1994 MB, Compressed Oops mode: 32-bit

CDS archive(s) mapped at: [0x000001b58a000000-0x000001b58abd0000-0x000001b58abd0000), size 12386304, SharedBaseAddress: 0x000001b58a000000, ArchiveRelocationMode: 1.
Compressed class space mapped at: 0x000001b58b000000-0x000001b5cb000000, reserved size: 1073741824
Narrow klass base: 0x000001b58a000000, Narrow klass shift: 0, Narrow klass range: 0x100000000

GC Precious Log:
 CPUs: 8 total, 8 available
 Memory: 7975M
 Large Page Support: Disabled
 NUMA Support: Disabled
 Compressed Oops: Enabled (32-bit)
 Heap Region Size: 1M
 Heap Min Capacity: 8M
 Heap Initial Capacity: 126M
 Heap Max Capacity: 1994M
 Pre-touch: Disabled
 Parallel Workers: 8
 Concurrent Workers: 2
 Concurrent Refinement Workers: 8
 Periodic GC: Disabled

Heap:
 garbage-first heap   total 258048K, used 64358K [0x0000000083600000, 0x0000000100000000)
  region size 1024K, 2 young (2048K), 2 survivors (2048K)
 Metaspace       used 72386K, committed 72960K, reserved 1114112K
  class space    used 10899K, committed 11136K, reserved 1048576K

Heap Regions: E=young(eden), S=young(survivor), O=old, HS=humongous(starts), HC=humongous(continues), CS=collection set, F=free, OA=open archive, CA=closed archive, TAMS=top-at-mark-start (previous, next)
|   0|0x0000000083600000, 0x0000000083700000, 0x0000000083700000|100%|HS|  |TAMS 0x0000000083700000, 0x0000000083700000| Complete 
|   1|0x0000000083700000, 0x0000000083800000, 0x0000000083800000|100%|HS|  |TAMS 0x0000000083800000, 0x0000000083800000| Complete 
|   2|0x0000000083800000, 0x0000000083900000, 0x0000000083900000|100%| O|  |TAMS 0x0000000083900000, 0x0000000083900000| Untracked 
|   3|0x0000000083900000, 0x0000000083a00000, 0x0000000083a00000|100%| O|  |TAMS 0x0000000083a00000, 0x0000000083a00000| Untracked 
|   4|0x0000000083a00000, 0x0000000083b00000, 0x0000000083b00000|100%| O|  |TAMS 0x0000000083b00000, 0x0000000083b00000| Untracked 
|   5|0x0000000083b00000, 0x0000000083c00000, 0x0000000083c00000|100%| O|  |TAMS 0x0000000083c00000, 0x0000000083c00000| Untracked 
|   6|0x0000000083c00000, 0x0000000083d00000, 0x0000000083d00000|100%| O|  |TAMS 0x0000000083d00000, 0x0000000083d00000| Untracked 
|   7|0x0000000083d00000, 0x0000000083e00000, 0x0000000083e00000|100%| O|  |TAMS 0x0000000083e00000, 0x0000000083e00000| Untracked 
|   8|0x0000000083e00000, 0x0000000083f00000, 0x0000000083f00000|100%| O|  |TAMS 0x0000000083f00000, 0x0000000083f00000| Untracked 
|   9|0x0000000083f00000, 0x0000000084000000, 0x0000000084000000|100%| O|  |TAMS 0x0000000084000000, 0x0000000084000000| Untracked 
|  10|0x0000000084000000, 0x0000000084100000, 0x0000000084100000|100%| O|  |TAMS 0x0000000084100000, 0x0000000084100000| Untracked 
|  11|0x0000000084100000, 0x0000000084200000, 0x0000000084200000|100%| O|  |TAMS 0x0000000084200000, 0x0000000084200000| Untracked 
|  12|0x0000000084200000, 0x0000000084300000, 0x0000000084300000|100%| O|  |TAMS 0x0000000084300000, 0x0000000084300000| Untracked 
|  13|0x0000000084300000, 0x0000000084400000, 0x0000000084400000|100%| O|  |TAMS 0x0000000084400000, 0x0000000084400000| Untracked 
|  14|0x0000000084400000, 0x0000000084500000, 0x0000000084500000|100%| O|  |TAMS 0x0000000084500000, 0x0000000084500000| Untracked 
|  15|0x0000000084500000, 0x0000000084600000, 0x0000000084600000|100%| O|  |TAMS 0x0000000084600000, 0x0000000084600000| Untracked 
|  16|0x0000000084600000, 0x0000000084700000, 0x0000000084700000|100%| O|  |TAMS 0x0000000084700000, 0x0000000084700000| Untracked 
|  17|0x0000000084700000, 0x00000000847eaa00, 0x0000000084800000| 91%| O|  |TAMS 0x00000000847eaa00, 0x00000000847eaa00| Untracked 
|  18|0x0000000084800000, 0x0000000084900000, 0x0000000084900000|100%| O|  |TAMS 0x0000000084900000, 0x0000000084900000| Untracked 
|  19|0x0000000084900000, 0x0000000084a00000, 0x0000000084a00000|100%| O|  |TAMS 0x0000000084a00000, 0x0000000084a00000| Untracked 
|  20|0x0000000084a00000, 0x0000000084b00000, 0x0000000084b00000|100%| O|  |TAMS 0x0000000084b00000, 0x0000000084b00000| Untracked 
|  21|0x0000000084b00000, 0x0000000084c00000, 0x0000000084c00000|100%| O|  |TAMS 0x0000000084c00000, 0x0000000084c00000| Untracked 
|  22|0x0000000084c00000, 0x0000000084d00000, 0x0000000084d00000|100%| O|  |TAMS 0x0000000084d00000, 0x0000000084d00000| Untracked 
|  23|0x0000000084d00000, 0x0000000084e00000, 0x0000000084e00000|100%| O|  |TAMS 0x0000000084e00000, 0x0000000084e00000| Untracked 
|  24|0x0000000084e00000, 0x0000000084f00000, 0x0000000084f00000|100%| O|  |TAMS 0x0000000084f00000, 0x0000000084f00000| Untracked 
|  25|0x0000000084f00000, 0x0000000085000000, 0x0000000085000000|100%| O|  |TAMS 0x0000000084f00000, 0x0000000085000000| Untracked 
|  26|0x0000000085000000, 0x0000000085100000, 0x0000000085100000|100%| O|  |TAMS 0x0000000085100000, 0x0000000085100000| Untracked 
|  27|0x0000000085100000, 0x0000000085200000, 0x0000000085200000|100%| O|  |TAMS 0x0000000085200000, 0x0000000085200000| Untracked 
|  28|0x0000000085200000, 0x0000000085300000, 0x0000000085300000|100%| O|  |TAMS 0x0000000085300000, 0x0000000085300000| Untracked 
|  29|0x0000000085300000, 0x0000000085400000, 0x0000000085400000|100%| O|  |TAMS 0x0000000085400000, 0x0000000085400000| Untracked 
|  30|0x0000000085400000, 0x0000000085500000, 0x0000000085500000|100%| O|  |TAMS 0x0000000085400000, 0x0000000085500000| Untracked 
|  31|0x0000000085500000, 0x0000000085600000, 0x0000000085600000|100%| O|  |TAMS 0x0000000085600000, 0x0000000085600000| Untracked 
|  32|0x0000000085600000, 0x0000000085700000, 0x0000000085700000|100%| O|  |TAMS 0x0000000085700000, 0x0000000085700000| Untracked 
|  33|0x0000000085700000, 0x0000000085800000, 0x0000000085800000|100%| O|  |TAMS 0x0000000085800000, 0x0000000085800000| Untracked 
|  34|0x0000000085800000, 0x0000000085900000, 0x0000000085900000|100%| O|  |TAMS 0x0000000085900000, 0x0000000085900000| Untracked 
|  35|0x0000000085900000, 0x0000000085a00000, 0x0000000085a00000|100%| O|  |TAMS 0x0000000085a00000, 0x0000000085a00000| Untracked 
|  36|0x0000000085a00000, 0x0000000085b00000, 0x0000000085b00000|100%| O|  |TAMS 0x0000000085b00000, 0x0000000085b00000| Untracked 
|  37|0x0000000085b00000, 0x0000000085c00000, 0x0000000085c00000|100%| O|  |TAMS 0x0000000085c00000, 0x0000000085c00000| Untracked 
|  38|0x0000000085c00000, 0x0000000085d00000, 0x0000000085d00000|100%| O|  |TAMS 0x0000000085d00000, 0x0000000085d00000| Untracked 
|  39|0x0000000085d00000, 0x0000000085e00000, 0x0000000085e00000|100%| O|  |TAMS 0x0000000085e00000, 0x0000000085e00000| Untracked 
|  40|0x0000000085e00000, 0x0000000085f00000, 0x0000000085f00000|100%| O|  |TAMS 0x0000000085f00000, 0x0000000085f00000| Untracked 
|  41|0x0000000085f00000, 0x0000000086000000, 0x0000000086000000|100%| O|  |TAMS 0x0000000086000000, 0x0000000086000000| Untracked 
|  42|0x0000000086000000, 0x0000000086100000, 0x0000000086100000|100%| O|  |TAMS 0x0000000086100000, 0x0000000086100000| Untracked 
|  43|0x0000000086100000, 0x0000000086200000, 0x0000000086200000|100%| O|  |TAMS 0x0000000086200000, 0x0000000086200000| Untracked 
|  44|0x0000000086200000, 0x0000000086300000, 0x0000000086300000|100%| O|  |TAMS 0x0000000086300000, 0x0000000086300000| Untracked 
|  45|0x0000000086300000, 0x0000000086400000, 0x0000000086400000|100%| O|  |TAMS 0x0000000086400000, 0x0000000086400000| Untracked 
|  46|0x0000000086400000, 0x0000000086500000, 0x0000000086500000|100%| O|  |TAMS 0x00000000864e5c00, 0x0000000086500000| Untracked 
|  47|0x0000000086500000, 0x0000000086600000, 0x0000000086600000|100%| O|  |TAMS 0x0000000086500000, 0x0000000086600000| Untracked 
|  48|0x0000000086600000, 0x0000000086700000, 0x0000000086700000|100%| O|  |TAMS 0x0000000086600000, 0x0000000086700000| Untracked 
|  49|0x0000000086700000, 0x0000000086800000, 0x0000000086800000|100%| O|  |TAMS 0x0000000086700000, 0x0000000086800000| Untracked 
|  50|0x0000000086800000, 0x0000000086900000, 0x0000000086900000|100%| O|  |TAMS 0x0000000086800000, 0x0000000086900000| Untracked 
|  51|0x0000000086900000, 0x0000000086a00000, 0x0000000086a00000|100%| O|  |TAMS 0x0000000086900000, 0x0000000086a00000| Untracked 
|  52|0x0000000086a00000, 0x0000000086b00000, 0x0000000086b00000|100%| O|  |TAMS 0x0000000086a00000, 0x0000000086b00000| Untracked 
|  53|0x0000000086b00000, 0x0000000086c00000, 0x0000000086c00000|100%| O|  |TAMS 0x0000000086b00000, 0x0000000086c00000| Untracked 
|  54|0x0000000086c00000, 0x0000000086cef000, 0x0000000086d00000| 93%| O|  |TAMS 0x0000000086c00000, 0x0000000086c00000| Untracked 
|  55|0x0000000086d00000, 0x0000000086e00000, 0x0000000086e00000|100%| O|  |TAMS 0x0000000086d00000, 0x0000000086e00000| Untracked 
|  56|0x0000000086e00000, 0x0000000086f00000, 0x0000000086f00000|100%| O|  |TAMS 0x0000000086e00000, 0x0000000086f00000| Untracked 
|  57|0x0000000086f00000, 0x0000000087000000, 0x0000000087000000|100%| O|  |TAMS 0x0000000086f00000, 0x0000000087000000| Untracked 
|  58|0x0000000087000000, 0x0000000087100000, 0x0000000087100000|100%| O|  |TAMS 0x0000000087000000, 0x0000000087100000| Untracked 
|  59|0x0000000087100000, 0x0000000087200000, 0x0000000087200000|100%| O|  |TAMS 0x0000000087100000, 0x0000000087200000| Untracked 
|  60|0x0000000087200000, 0x0000000087300000, 0x0000000087300000|100%| O|  |TAMS 0x0000000087200000, 0x00000000872de800| Untracked 
|  61|0x0000000087300000, 0x0000000087300000, 0x0000000087400000|  0%| F|  |TAMS 0x0000000087300000, 0x0000000087300000| Untracked 
|  62|0x0000000087400000, 0x0000000087400000, 0x0000000087500000|  0%| F|  |TAMS 0x0000000087400000, 0x0000000087400000| Untracked 
|  63|0x0000000087500000, 0x0000000087500000, 0x0000000087600000|  0%| F|  |TAMS 0x0000000087500000, 0x0000000087500000| Untracked 
|  64|0x0000000087600000, 0x0000000087600000, 0x0000000087700000|  0%| F|  |TAMS 0x0000000087600000, 0x0000000087600000| Untracked 
|  65|0x0000000087700000, 0x0000000087700000, 0x0000000087800000|  0%| F|  |TAMS 0x0000000087700000, 0x0000000087700000| Untracked 
|  66|0x0000000087800000, 0x0000000087800000, 0x0000000087900000|  0%| F|  |TAMS 0x0000000087800000, 0x0000000087800000| Untracked 
|  67|0x0000000087900000, 0x0000000087900000, 0x0000000087a00000|  0%| F|  |TAMS 0x0000000087900000, 0x0000000087900000| Untracked 
|  68|0x0000000087a00000, 0x0000000087a00000, 0x0000000087b00000|  0%| F|  |TAMS 0x0000000087a00000, 0x0000000087a00000| Untracked 
|  69|0x0000000087b00000, 0x0000000087b00000, 0x0000000087c00000|  0%| F|  |TAMS 0x0000000087b00000, 0x0000000087b00000| Untracked 
|  70|0x0000000087c00000, 0x0000000087c00000, 0x0000000087d00000|  0%| F|  |TAMS 0x0000000087c00000, 0x0000000087c00000| Untracked 
|  71|0x0000000087d00000, 0x0000000087d00000, 0x0000000087e00000|  0%| F|  |TAMS 0x0000000087d00000, 0x0000000087d00000| Untracked 
|  72|0x0000000087e00000, 0x0000000087e00000, 0x0000000087f00000|  0%| F|  |TAMS 0x0000000087e00000, 0x0000000087e00000| Untracked 
|  73|0x0000000087f00000, 0x0000000087f00000, 0x0000000088000000|  0%| F|  |TAMS 0x0000000087f00000, 0x0000000087f00000| Untracked 
|  74|0x0000000088000000, 0x0000000088000000, 0x0000000088100000|  0%| F|  |TAMS 0x0000000088000000, 0x0000000088000000| Untracked 
|  75|0x0000000088100000, 0x0000000088100000, 0x0000000088200000|  0%| F|  |TAMS 0x0000000088100000, 0x0000000088100000| Untracked 
|  76|0x0000000088200000, 0x0000000088200000, 0x0000000088300000|  0%| F|  |TAMS 0x0000000088200000, 0x0000000088200000| Untracked 
|  77|0x0000000088300000, 0x0000000088300000, 0x0000000088400000|  0%| F|  |TAMS 0x0000000088300000, 0x0000000088300000| Untracked 
|  78|0x0000000088400000, 0x0000000088400000, 0x0000000088500000|  0%| F|  |TAMS 0x0000000088400000, 0x0000000088400000| Untracked 
|  79|0x0000000088500000, 0x0000000088500000, 0x0000000088600000|  0%| F|  |TAMS 0x0000000088500000, 0x0000000088500000| Untracked 
|  80|0x0000000088600000, 0x0000000088600000, 0x0000000088700000|  0%| F|  |TAMS 0x0000000088600000, 0x0000000088600000| Untracked 
|  81|0x0000000088700000, 0x0000000088700000, 0x0000000088800000|  0%| F|  |TAMS 0x0000000088700000, 0x0000000088700000| Untracked 
|  82|0x0000000088800000, 0x0000000088800000, 0x0000000088900000|  0%| F|  |TAMS 0x0000000088800000, 0x0000000088800000| Untracked 
|  83|0x0000000088900000, 0x0000000088900000, 0x0000000088a00000|  0%| F|  |TAMS 0x0000000088900000, 0x0000000088900000| Untracked 
|  84|0x0000000088a00000, 0x0000000088a00000, 0x0000000088b00000|  0%| F|  |TAMS 0x0000000088a00000, 0x0000000088a00000| Untracked 
|  85|0x0000000088b00000, 0x0000000088b00000, 0x0000000088c00000|  0%| F|  |TAMS 0x0000000088b00000, 0x0000000088b00000| Untracked 
|  86|0x0000000088c00000, 0x0000000088c00000, 0x0000000088d00000|  0%| F|  |TAMS 0x0000000088c00000, 0x0000000088c00000| Untracked 
|  87|0x0000000088d00000, 0x0000000088d00000, 0x0000000088e00000|  0%| F|  |TAMS 0x0000000088d00000, 0x0000000088d00000| Untracked 
|  88|0x0000000088e00000, 0x0000000088e00000, 0x0000000088f00000|  0%| F|  |TAMS 0x0000000088e00000, 0x0000000088e00000| Untracked 
|  89|0x0000000088f00000, 0x0000000088f00000, 0x0000000089000000|  0%| F|  |TAMS 0x0000000088f00000, 0x0000000088f00000| Untracked 
|  90|0x0000000089000000, 0x0000000089000000, 0x0000000089100000|  0%| F|  |TAMS 0x0000000089000000, 0x0000000089000000| Untracked 
|  91|0x0000000089100000, 0x0000000089100000, 0x0000000089200000|  0%| F|  |TAMS 0x0000000089100000, 0x0000000089100000| Untracked 
|  92|0x0000000089200000, 0x0000000089200000, 0x0000000089300000|  0%| F|  |TAMS 0x0000000089200000, 0x0000000089200000| Untracked 
|  93|0x0000000089300000, 0x0000000089300000, 0x0000000089400000|  0%| F|  |TAMS 0x0000000089300000, 0x0000000089300000| Untracked 
|  94|0x0000000089400000, 0x0000000089400000, 0x0000000089500000|  0%| F|  |TAMS 0x0000000089400000, 0x0000000089400000| Untracked 
|  95|0x0000000089500000, 0x0000000089500000, 0x0000000089600000|  0%| F|  |TAMS 0x0000000089500000, 0x0000000089500000| Untracked 
|  96|0x0000000089600000, 0x0000000089600000, 0x0000000089700000|  0%| F|  |TAMS 0x0000000089600000, 0x0000000089600000| Untracked 
|  97|0x0000000089700000, 0x0000000089700000, 0x0000000089800000|  0%| F|  |TAMS 0x0000000089700000, 0x0000000089700000| Untracked 
|  98|0x0000000089800000, 0x0000000089800000, 0x0000000089900000|  0%| F|  |TAMS 0x0000000089800000, 0x0000000089800000| Untracked 
|  99|0x0000000089900000, 0x0000000089900000, 0x0000000089a00000|  0%| F|  |TAMS 0x0000000089900000, 0x0000000089900000| Untracked 
| 100|0x0000000089a00000, 0x0000000089a00000, 0x0000000089b00000|  0%| F|  |TAMS 0x0000000089a00000, 0x0000000089a00000| Untracked 
| 101|0x0000000089b00000, 0x0000000089b00000, 0x0000000089c00000|  0%| F|  |TAMS 0x0000000089b00000, 0x0000000089b00000| Untracked 
| 102|0x0000000089c00000, 0x0000000089c00000, 0x0000000089d00000|  0%| F|  |TAMS 0x0000000089c00000, 0x0000000089c00000| Untracked 
| 103|0x0000000089d00000, 0x0000000089d00000, 0x0000000089e00000|  0%| F|  |TAMS 0x0000000089d00000, 0x0000000089d00000| Untracked 
| 104|0x0000000089e00000, 0x0000000089e00000, 0x0000000089f00000|  0%| F|  |TAMS 0x0000000089e00000, 0x0000000089e00000| Untracked 
| 105|0x0000000089f00000, 0x0000000089f00000, 0x000000008a000000|  0%| F|  |TAMS 0x0000000089f00000, 0x0000000089f00000| Untracked 
| 106|0x000000008a000000, 0x000000008a000000, 0x000000008a100000|  0%| F|  |TAMS 0x000000008a000000, 0x000000008a000000| Untracked 
| 107|0x000000008a100000, 0x000000008a100000, 0x000000008a200000|  0%| F|  |TAMS 0x000000008a100000, 0x000000008a100000| Untracked 
| 108|0x000000008a200000, 0x000000008a200000, 0x000000008a300000|  0%| F|  |TAMS 0x000000008a200000, 0x000000008a200000| Untracked 
| 109|0x000000008a300000, 0x000000008a300000, 0x000000008a400000|  0%| F|  |TAMS 0x000000008a300000, 0x000000008a300000| Untracked 
| 110|0x000000008a400000, 0x000000008a400000, 0x000000008a500000|  0%| F|  |TAMS 0x000000008a400000, 0x000000008a400000| Untracked 
| 111|0x000000008a500000, 0x000000008a500000, 0x000000008a600000|  0%| F|  |TAMS 0x000000008a500000, 0x000000008a500000| Untracked 
| 112|0x000000008a600000, 0x000000008a600000, 0x000000008a700000|  0%| F|  |TAMS 0x000000008a600000, 0x000000008a600000| Untracked 
| 113|0x000000008a700000, 0x000000008a700000, 0x000000008a800000|  0%| F|  |TAMS 0x000000008a700000, 0x000000008a700000| Untracked 
| 114|0x000000008a800000, 0x000000008a800000, 0x000000008a900000|  0%| F|  |TAMS 0x000000008a800000, 0x000000008a800000| Untracked 
| 115|0x000000008a900000, 0x000000008a900000, 0x000000008aa00000|  0%| F|  |TAMS 0x000000008a900000, 0x000000008a900000| Untracked 
| 116|0x000000008aa00000, 0x000000008aa00000, 0x000000008ab00000|  0%| F|  |TAMS 0x000000008aa00000, 0x000000008aa00000| Untracked 
| 117|0x000000008ab00000, 0x000000008ab00000, 0x000000008ac00000|  0%| F|  |TAMS 0x000000008ab00000, 0x000000008ab00000| Untracked 
| 118|0x000000008ac00000, 0x000000008ac00000, 0x000000008ad00000|  0%| F|  |TAMS 0x000000008ac00000, 0x000000008ac00000| Untracked 
| 119|0x000000008ad00000, 0x000000008ad00000, 0x000000008ae00000|  0%| F|  |TAMS 0x000000008ad00000, 0x000000008ad00000| Untracked 
| 120|0x000000008ae00000, 0x000000008ae00000, 0x000000008af00000|  0%| F|  |TAMS 0x000000008ae00000, 0x000000008ae00000| Untracked 
| 121|0x000000008af00000, 0x000000008af00000, 0x000000008b000000|  0%| F|  |TAMS 0x000000008af00000, 0x000000008af00000| Untracked 
| 122|0x000000008b000000, 0x000000008b000000, 0x000000008b100000|  0%| F|  |TAMS 0x000000008b000000, 0x000000008b000000| Untracked 
| 123|0x000000008b100000, 0x000000008b100000, 0x000000008b200000|  0%| F|  |TAMS 0x000000008b100000, 0x000000008b100000| Untracked 
| 124|0x000000008b200000, 0x000000008b200000, 0x000000008b300000|  0%| F|  |TAMS 0x000000008b200000, 0x000000008b200000| Untracked 
| 125|0x000000008b300000, 0x000000008b300000, 0x000000008b400000|  0%| F|  |TAMS 0x000000008b300000, 0x000000008b300000| Untracked 
| 126|0x000000008b400000, 0x000000008b400000, 0x000000008b500000|  0%| F|  |TAMS 0x000000008b400000, 0x000000008b400000| Untracked 
| 127|0x000000008b500000, 0x000000008b500000, 0x000000008b600000|  0%| F|  |TAMS 0x000000008b500000, 0x000000008b500000| Untracked 
| 128|0x000000008b600000, 0x000000008b600000, 0x000000008b700000|  0%| F|  |TAMS 0x000000008b600000, 0x000000008b600000| Untracked 
| 129|0x000000008b700000, 0x000000008b700000, 0x000000008b800000|  0%| F|  |TAMS 0x000000008b700000, 0x000000008b700000| Untracked 
| 130|0x000000008b800000, 0x000000008b800000, 0x000000008b900000|  0%| F|  |TAMS 0x000000008b800000, 0x000000008b800000| Untracked 
| 131|0x000000008b900000, 0x000000008b900000, 0x000000008ba00000|  0%| F|  |TAMS 0x000000008b900000, 0x000000008b900000| Untracked 
| 132|0x000000008ba00000, 0x000000008ba00000, 0x000000008bb00000|  0%| F|  |TAMS 0x000000008ba00000, 0x000000008ba00000| Untracked 
| 133|0x000000008bb00000, 0x000000008bb00000, 0x000000008bc00000|  0%| F|  |TAMS 0x000000008bb00000, 0x000000008bb00000| Untracked 
| 134|0x000000008bc00000, 0x000000008bc00000, 0x000000008bd00000|  0%| F|  |TAMS 0x000000008bc00000, 0x000000008bc00000| Untracked 
| 135|0x000000008bd00000, 0x000000008bd00000, 0x000000008be00000|  0%| F|  |TAMS 0x000000008bd00000, 0x000000008bd00000| Untracked 
| 136|0x000000008be00000, 0x000000008be00000, 0x000000008bf00000|  0%| F|  |TAMS 0x000000008be00000, 0x000000008be00000| Untracked 
| 137|0x000000008bf00000, 0x000000008bf00000, 0x000000008c000000|  0%| F|  |TAMS 0x000000008bf00000, 0x000000008bf00000| Untracked 
| 138|0x000000008c000000, 0x000000008c000000, 0x000000008c100000|  0%| F|  |TAMS 0x000000008c000000, 0x000000008c000000| Untracked 
| 139|0x000000008c100000, 0x000000008c100000, 0x000000008c200000|  0%| F|  |TAMS 0x000000008c100000, 0x000000008c100000| Untracked 
| 140|0x000000008c200000, 0x000000008c200000, 0x000000008c300000|  0%| F|  |TAMS 0x000000008c200000, 0x000000008c200000| Untracked 
| 141|0x000000008c300000, 0x000000008c300000, 0x000000008c400000|  0%| F|  |TAMS 0x000000008c300000, 0x000000008c300000| Untracked 
| 142|0x000000008c400000, 0x000000008c400000, 0x000000008c500000|  0%| F|  |TAMS 0x000000008c400000, 0x000000008c400000| Untracked 
| 143|0x000000008c500000, 0x000000008c500000, 0x000000008c600000|  0%| F|  |TAMS 0x000000008c500000, 0x000000008c500000| Untracked 
| 144|0x000000008c600000, 0x000000008c600000, 0x000000008c700000|  0%| F|  |TAMS 0x000000008c600000, 0x000000008c600000| Untracked 
| 145|0x000000008c700000, 0x000000008c700000, 0x000000008c800000|  0%| F|  |TAMS 0x000000008c700000, 0x000000008c700000| Untracked 
| 146|0x000000008c800000, 0x000000008c800000, 0x000000008c900000|  0%| F|  |TAMS 0x000000008c800000, 0x000000008c800000| Untracked 
| 147|0x000000008c900000, 0x000000008c900000, 0x000000008ca00000|  0%| F|  |TAMS 0x000000008c900000, 0x000000008c900000| Untracked 
| 148|0x000000008ca00000, 0x000000008ca00000, 0x000000008cb00000|  0%| F|  |TAMS 0x000000008ca00000, 0x000000008ca00000| Untracked 
| 149|0x000000008cb00000, 0x000000008cb00000, 0x000000008cc00000|  0%| F|  |TAMS 0x000000008cb00000, 0x000000008cb00000| Untracked 
| 150|0x000000008cc00000, 0x000000008cc00000, 0x000000008cd00000|  0%| F|  |TAMS 0x000000008cc00000, 0x000000008cc00000| Untracked 
| 151|0x000000008cd00000, 0x000000008cd00000, 0x000000008ce00000|  0%| F|  |TAMS 0x000000008cd00000, 0x000000008cd00000| Untracked 
| 152|0x000000008ce00000, 0x000000008ce00000, 0x000000008cf00000|  0%| F|  |TAMS 0x000000008ce00000, 0x000000008ce00000| Untracked 
| 153|0x000000008cf00000, 0x000000008cf00000, 0x000000008d000000|  0%| F|  |TAMS 0x000000008cf00000, 0x000000008cf00000| Untracked 
| 154|0x000000008d000000, 0x000000008d000000, 0x000000008d100000|  0%| F|  |TAMS 0x000000008d000000, 0x000000008d000000| Untracked 
| 155|0x000000008d100000, 0x000000008d100000, 0x000000008d200000|  0%| F|  |TAMS 0x000000008d100000, 0x000000008d100000| Untracked 
| 156|0x000000008d200000, 0x000000008d200000, 0x000000008d300000|  0%| F|  |TAMS 0x000000008d200000, 0x000000008d200000| Untracked 
| 157|0x000000008d300000, 0x000000008d300000, 0x000000008d400000|  0%| F|  |TAMS 0x000000008d300000, 0x000000008d300000| Untracked 
| 158|0x000000008d400000, 0x000000008d400000, 0x000000008d500000|  0%| F|  |TAMS 0x000000008d400000, 0x000000008d400000| Untracked 
| 159|0x000000008d500000, 0x000000008d500000, 0x000000008d600000|  0%| F|  |TAMS 0x000000008d500000, 0x000000008d500000| Untracked 
| 160|0x000000008d600000, 0x000000008d600000, 0x000000008d700000|  0%| F|  |TAMS 0x000000008d600000, 0x000000008d600000| Untracked 
| 161|0x000000008d700000, 0x000000008d700000, 0x000000008d800000|  0%| F|  |TAMS 0x000000008d700000, 0x000000008d700000| Untracked 
| 162|0x000000008d800000, 0x000000008d800000, 0x000000008d900000|  0%| F|  |TAMS 0x000000008d800000, 0x000000008d800000| Untracked 
| 163|0x000000008d900000, 0x000000008d900000, 0x000000008da00000|  0%| F|  |TAMS 0x000000008d900000, 0x000000008d900000| Untracked 
| 164|0x000000008da00000, 0x000000008da00000, 0x000000008db00000|  0%| F|  |TAMS 0x000000008da00000, 0x000000008da00000| Untracked 
| 165|0x000000008db00000, 0x000000008db00000, 0x000000008dc00000|  0%| F|  |TAMS 0x000000008db00000, 0x000000008db00000| Untracked 
| 166|0x000000008dc00000, 0x000000008dc00000, 0x000000008dd00000|  0%| F|  |TAMS 0x000000008dc00000, 0x000000008dc00000| Untracked 
| 167|0x000000008dd00000, 0x000000008dd00000, 0x000000008de00000|  0%| F|  |TAMS 0x000000008dd00000, 0x000000008dd00000| Untracked 
| 168|0x000000008de00000, 0x000000008de00000, 0x000000008df00000|  0%| F|  |TAMS 0x000000008de00000, 0x000000008de00000| Untracked 
| 169|0x000000008df00000, 0x000000008df00000, 0x000000008e000000|  0%| F|  |TAMS 0x000000008df00000, 0x000000008df00000| Untracked 
| 170|0x000000008e000000, 0x000000008e000000, 0x000000008e100000|  0%| F|  |TAMS 0x000000008e000000, 0x000000008e000000| Untracked 
| 171|0x000000008e100000, 0x000000008e100000, 0x000000008e200000|  0%| F|  |TAMS 0x000000008e100000, 0x000000008e100000| Untracked 
| 172|0x000000008e200000, 0x000000008e200000, 0x000000008e300000|  0%| F|  |TAMS 0x000000008e200000, 0x000000008e200000| Untracked 
| 173|0x000000008e300000, 0x000000008e300000, 0x000000008e400000|  0%| F|  |TAMS 0x000000008e300000, 0x000000008e300000| Untracked 
| 174|0x000000008e400000, 0x000000008e400000, 0x000000008e500000|  0%| F|  |TAMS 0x000000008e400000, 0x000000008e400000| Untracked 
| 175|0x000000008e500000, 0x000000008e500000, 0x000000008e600000|  0%| F|  |TAMS 0x000000008e500000, 0x000000008e500000| Untracked 
| 176|0x000000008e600000, 0x000000008e600000, 0x000000008e700000|  0%| F|  |TAMS 0x000000008e600000, 0x000000008e600000| Untracked 
| 177|0x000000008e700000, 0x000000008e700000, 0x000000008e800000|  0%| F|  |TAMS 0x000000008e700000, 0x000000008e700000| Untracked 
| 178|0x000000008e800000, 0x000000008e800000, 0x000000008e900000|  0%| F|  |TAMS 0x000000008e800000, 0x000000008e800000| Untracked 
| 179|0x000000008e900000, 0x000000008e900000, 0x000000008ea00000|  0%| F|  |TAMS 0x000000008e900000, 0x000000008e900000| Untracked 
| 180|0x000000008ea00000, 0x000000008ea00000, 0x000000008eb00000|  0%| F|  |TAMS 0x000000008ea00000, 0x000000008ea00000| Untracked 
| 181|0x000000008eb00000, 0x000000008eb00000, 0x000000008ec00000|  0%| F|  |TAMS 0x000000008eb00000, 0x000000008eb00000| Untracked 
| 182|0x000000008ec00000, 0x000000008ec00000, 0x000000008ed00000|  0%| F|  |TAMS 0x000000008ec00000, 0x000000008ec00000| Untracked 
| 183|0x000000008ed00000, 0x000000008ed00000, 0x000000008ee00000|  0%| F|  |TAMS 0x000000008ed00000, 0x000000008ed00000| Untracked 
| 184|0x000000008ee00000, 0x000000008ee00000, 0x000000008ef00000|  0%| F|  |TAMS 0x000000008ee00000, 0x000000008ee00000| Untracked 
| 185|0x000000008ef00000, 0x000000008ef00000, 0x000000008f000000|  0%| F|  |TAMS 0x000000008ef00000, 0x000000008ef00000| Untracked 
| 186|0x000000008f000000, 0x000000008f100000, 0x000000008f100000|100%| S|CS|TAMS 0x000000008f000000, 0x000000008f000000| Complete 
| 187|0x000000008f100000, 0x000000008f200000, 0x000000008f200000|100%| S|CS|TAMS 0x000000008f100000, 0x000000008f100000| Complete 
| 188|0x000000008f200000, 0x000000008f200000, 0x000000008f300000|  0%| F|  |TAMS 0x000000008f200000, 0x000000008f200000| Untracked 
| 189|0x000000008f300000, 0x000000008f300000, 0x000000008f400000|  0%| F|  |TAMS 0x000000008f300000, 0x000000008f300000| Untracked 
| 190|0x000000008f400000, 0x000000008f400000, 0x000000008f500000|  0%| F|  |TAMS 0x000000008f400000, 0x000000008f400000| Untracked 
| 191|0x000000008f500000, 0x000000008f500000, 0x000000008f600000|  0%| F|  |TAMS 0x000000008f500000, 0x000000008f500000| Untracked 
| 192|0x000000008f600000, 0x000000008f600000, 0x000000008f700000|  0%| F|  |TAMS 0x000000008f600000, 0x000000008f600000| Untracked 
| 193|0x000000008f700000, 0x000000008f700000, 0x000000008f800000|  0%| F|  |TAMS 0x000000008f700000, 0x000000008f700000| Untracked 
| 194|0x000000008f800000, 0x000000008f800000, 0x000000008f900000|  0%| F|  |TAMS 0x000000008f800000, 0x000000008f800000| Untracked 
| 195|0x000000008f900000, 0x000000008f900000, 0x000000008fa00000|  0%| F|  |TAMS 0x000000008f900000, 0x000000008f900000| Untracked 
| 196|0x000000008fa00000, 0x000000008fa00000, 0x000000008fb00000|  0%| F|  |TAMS 0x000000008fa00000, 0x000000008fa00000| Untracked 
| 197|0x000000008fb00000, 0x000000008fb00000, 0x000000008fc00000|  0%| F|  |TAMS 0x000000008fb00000, 0x000000008fb00000| Untracked 
| 198|0x000000008fc00000, 0x000000008fc00000, 0x000000008fd00000|  0%| F|  |TAMS 0x000000008fc00000, 0x000000008fc00000| Untracked 
| 199|0x000000008fd00000, 0x000000008fd00000, 0x000000008fe00000|  0%| F|  |TAMS 0x000000008fd00000, 0x000000008fd00000| Untracked 
| 200|0x000000008fe00000, 0x000000008fe00000, 0x000000008ff00000|  0%| F|  |TAMS 0x000000008fe00000, 0x000000008fe00000| Untracked 
| 201|0x000000008ff00000, 0x000000008ff00000, 0x0000000090000000|  0%| F|  |TAMS 0x000000008ff00000, 0x000000008ff00000| Untracked 
| 202|0x0000000090000000, 0x0000000090000000, 0x0000000090100000|  0%| F|  |TAMS 0x0000000090000000, 0x0000000090000000| Untracked 
| 203|0x0000000090100000, 0x0000000090100000, 0x0000000090200000|  0%| F|  |TAMS 0x0000000090100000, 0x0000000090100000| Untracked 
| 204|0x0000000090200000, 0x0000000090200000, 0x0000000090300000|  0%| F|  |TAMS 0x0000000090200000, 0x0000000090200000| Untracked 
| 205|0x0000000090300000, 0x0000000090300000, 0x0000000090400000|  0%| F|  |TAMS 0x0000000090300000, 0x0000000090300000| Untracked 
| 206|0x0000000090400000, 0x0000000090400000, 0x0000000090500000|  0%| F|  |TAMS 0x0000000090400000, 0x0000000090400000| Untracked 
| 207|0x0000000090500000, 0x0000000090500000, 0x0000000090600000|  0%| F|  |TAMS 0x0000000090500000, 0x0000000090500000| Untracked 
| 208|0x0000000090600000, 0x0000000090600000, 0x0000000090700000|  0%| F|  |TAMS 0x0000000090600000, 0x0000000090600000| Untracked 
| 209|0x0000000090700000, 0x0000000090700000, 0x0000000090800000|  0%| F|  |TAMS 0x0000000090700000, 0x0000000090700000| Untracked 
| 210|0x0000000090800000, 0x0000000090800000, 0x0000000090900000|  0%| F|  |TAMS 0x0000000090800000, 0x0000000090800000| Untracked 
| 211|0x0000000090900000, 0x0000000090900000, 0x0000000090a00000|  0%| F|  |TAMS 0x0000000090900000, 0x0000000090900000| Untracked 
| 212|0x0000000090a00000, 0x0000000090a00000, 0x0000000090b00000|  0%| F|  |TAMS 0x0000000090a00000, 0x0000000090a00000| Untracked 
| 213|0x0000000090b00000, 0x0000000090b00000, 0x0000000090c00000|  0%| F|  |TAMS 0x0000000090b00000, 0x0000000090b00000| Untracked 
| 214|0x0000000090c00000, 0x0000000090c00000, 0x0000000090d00000|  0%| F|  |TAMS 0x0000000090c00000, 0x0000000090c00000| Untracked 
| 215|0x0000000090d00000, 0x0000000090d00000, 0x0000000090e00000|  0%| F|  |TAMS 0x0000000090d00000, 0x0000000090d00000| Untracked 
| 216|0x0000000090e00000, 0x0000000090e00000, 0x0000000090f00000|  0%| F|  |TAMS 0x0000000090e00000, 0x0000000090e00000| Untracked 
| 217|0x0000000090f00000, 0x0000000090f00000, 0x0000000091000000|  0%| F|  |TAMS 0x0000000090f00000, 0x0000000090f00000| Untracked 
| 218|0x0000000091000000, 0x0000000091000000, 0x0000000091100000|  0%| F|  |TAMS 0x0000000091000000, 0x0000000091000000| Untracked 
| 219|0x0000000091100000, 0x0000000091100000, 0x0000000091200000|  0%| F|  |TAMS 0x0000000091100000, 0x0000000091100000| Untracked 
| 220|0x0000000091200000, 0x0000000091200000, 0x0000000091300000|  0%| F|  |TAMS 0x0000000091200000, 0x0000000091200000| Untracked 
| 221|0x0000000091300000, 0x0000000091300000, 0x0000000091400000|  0%| F|  |TAMS 0x0000000091300000, 0x0000000091300000| Untracked 
| 222|0x0000000091400000, 0x0000000091400000, 0x0000000091500000|  0%| F|  |TAMS 0x0000000091400000, 0x0000000091400000| Untracked 
| 223|0x0000000091500000, 0x0000000091500000, 0x0000000091600000|  0%| F|  |TAMS 0x0000000091500000, 0x0000000091500000| Untracked 
| 224|0x0000000091600000, 0x0000000091600000, 0x0000000091700000|  0%| F|  |TAMS 0x0000000091600000, 0x0000000091600000| Untracked 
| 225|0x0000000091700000, 0x0000000091700000, 0x0000000091800000|  0%| F|  |TAMS 0x0000000091700000, 0x0000000091700000| Untracked 
| 226|0x0000000091800000, 0x0000000091800000, 0x0000000091900000|  0%| F|  |TAMS 0x0000000091800000, 0x0000000091800000| Untracked 
| 227|0x0000000091900000, 0x0000000091900000, 0x0000000091a00000|  0%| F|  |TAMS 0x0000000091900000, 0x0000000091900000| Untracked 
| 228|0x0000000091a00000, 0x0000000091a00000, 0x0000000091b00000|  0%| F|  |TAMS 0x0000000091a00000, 0x0000000091a00000| Untracked 
| 229|0x0000000091b00000, 0x0000000091b00000, 0x0000000091c00000|  0%| F|  |TAMS 0x0000000091b00000, 0x0000000091b00000| Untracked 
| 230|0x0000000091c00000, 0x0000000091c00000, 0x0000000091d00000|  0%| F|  |TAMS 0x0000000091c00000, 0x0000000091c00000| Untracked 
| 231|0x0000000091d00000, 0x0000000091d00000, 0x0000000091e00000|  0%| F|  |TAMS 0x0000000091d00000, 0x0000000091d00000| Untracked 
| 232|0x0000000091e00000, 0x0000000091e00000, 0x0000000091f00000|  0%| F|  |TAMS 0x0000000091e00000, 0x0000000091e00000| Untracked 
| 233|0x0000000091f00000, 0x0000000091f00000, 0x0000000092000000|  0%| F|  |TAMS 0x0000000091f00000, 0x0000000091f00000| Untracked 
| 234|0x0000000092000000, 0x0000000092000000, 0x0000000092100000|  0%| F|  |TAMS 0x0000000092000000, 0x0000000092000000| Untracked 
| 235|0x0000000092100000, 0x0000000092100000, 0x0000000092200000|  0%| F|  |TAMS 0x0000000092100000, 0x0000000092100000| Untracked 
| 236|0x0000000092200000, 0x0000000092200000, 0x0000000092300000|  0%| F|  |TAMS 0x0000000092200000, 0x0000000092200000| Untracked 
| 237|0x0000000092300000, 0x0000000092300000, 0x0000000092400000|  0%| F|  |TAMS 0x0000000092300000, 0x0000000092300000| Untracked 
| 238|0x0000000092400000, 0x0000000092400000, 0x0000000092500000|  0%| F|  |TAMS 0x0000000092400000, 0x0000000092400000| Untracked 
| 239|0x0000000092500000, 0x0000000092500000, 0x0000000092600000|  0%| F|  |TAMS 0x0000000092500000, 0x0000000092500000| Untracked 
| 240|0x0000000092600000, 0x0000000092600000, 0x0000000092700000|  0%| F|  |TAMS 0x0000000092600000, 0x0000000092600000| Untracked 
| 241|0x0000000092700000, 0x0000000092700000, 0x0000000092800000|  0%| F|  |TAMS 0x0000000092700000, 0x0000000092700000| Untracked 
| 242|0x0000000092800000, 0x0000000092800000, 0x0000000092900000|  0%| F|  |TAMS 0x0000000092800000, 0x0000000092800000| Untracked 
| 243|0x0000000092900000, 0x0000000092900000, 0x0000000092a00000|  0%| F|  |TAMS 0x0000000092900000, 0x0000000092900000| Untracked 
| 244|0x0000000092a00000, 0x0000000092a00000, 0x0000000092b00000|  0%| F|  |TAMS 0x0000000092a00000, 0x0000000092a00000| Untracked 
| 245|0x0000000092b00000, 0x0000000092b00000, 0x0000000092c00000|  0%| F|  |TAMS 0x0000000092b00000, 0x0000000092b00000| Untracked 
| 246|0x0000000092c00000, 0x0000000092c00000, 0x0000000092d00000|  0%| F|  |TAMS 0x0000000092c00000, 0x0000000092c00000| Untracked 
| 247|0x0000000092d00000, 0x0000000092d00000, 0x0000000092e00000|  0%| F|  |TAMS 0x0000000092d00000, 0x0000000092d00000| Untracked 
| 248|0x0000000092e00000, 0x0000000092e00000, 0x0000000092f00000|  0%| F|  |TAMS 0x0000000092e00000, 0x0000000092e00000| Untracked 
| 249|0x0000000092f00000, 0x0000000092f00000, 0x0000000093000000|  0%| F|  |TAMS 0x0000000092f00000, 0x0000000092f00000| Untracked 
| 250|0x0000000093000000, 0x0000000093000000, 0x0000000093100000|  0%| F|  |TAMS 0x0000000093000000, 0x0000000093000000| Untracked 
| 251|0x0000000093100000, 0x0000000093100000, 0x0000000093200000|  0%| F|  |TAMS 0x0000000093100000, 0x0000000093100000| Untracked 

Card table byte_map: [0x000001b5ffb40000,0x000001b5fff30000] _byte_map_base: 0x000001b5ff725000

Marking Bits (Prev, Next): (CMBitMap*) 0x000001b5f7dff230, (CMBitMap*) 0x000001b5f7dff270
 Prev Bits: [0x000001b5833f0000, 0x000001b585318000)
 Next Bits: [0x000001b585320000, 0x000001b587248000)

Polling page: 0x000001b5f5c30000

Metaspace:

Usage:
  Non-class:     60.05 MB used.
      Class:     10.64 MB used.
       Both:     70.69 MB used.

Virtual space:
  Non-class space:       64.00 MB reserved,      60.38 MB ( 94%) committed,  1 nodes.
      Class space:        1.00 GB reserved,      10.88 MB (  1%) committed,  1 nodes.
             Both:        1.06 GB reserved,      71.25 MB (  7%) committed. 

Chunk freelists:
   Non-Class:  3.42 MB
       Class:  5.08 MB
        Both:  8.50 MB

MaxMetaspaceSize: unlimited
CompressedClassSpaceSize: 1.00 GB
Initial GC threshold: 21.00 MB
Current GC threshold: 118.75 MB
CDS: on
MetaspaceReclaimPolicy: balanced
 - commit_granule_bytes: 65536.
 - commit_granule_words: 8192.
 - virtual_space_node_default_size: 8388608.
 - enlarge_chunks_in_place: 1.
 - new_chunks_are_fully_committed: 0.
 - uncommit_free_chunks: 1.
 - use_allocation_guard: 0.
 - handle_deallocations: 1.


Internal statistics:

num_allocs_failed_limit: 12.
num_arena_births: 920.
num_arena_deaths: 164.
num_vsnodes_births: 2.
num_vsnodes_deaths: 0.
num_space_committed: 1140.
num_space_uncommitted: 0.
num_chunks_returned_to_freelist: 197.
num_chunks_taken_from_freelist: 3837.
num_chunk_merges: 66.
num_chunk_splits: 2716.
num_chunks_enlarged: 2127.
num_inconsistent_stats: 0.

CodeCache: size=49152Kb used=15383Kb max_used=15383Kb free=33768Kb
 bounds [0x000001b580000000, 0x000001b580f10000, 0x000001b583000000]
 total_blobs=9094 nmethods=8433 adapters=585
 compilation: enabled
              stopped_count=0, restarted_count=0
 full_count=0

Compilation events (20 events):
Event: 793.072 Thread 0x000001b5d1a5a030 8428       1       org.antlr.v4.runtime.CodePointCharStream::consume (56 bytes)
Event: 793.072 Thread 0x000001b5d1a57060 8427       1       org.antlr.v4.runtime.atn.LexerATNSimulator::consume (49 bytes)
Event: 793.072 Thread 0x000001b5d1a5a030 nmethod 8428 0x000001b580f01510 code [0x000001b580f016a0, 0x000001b580f01808]
Event: 793.072 Thread 0x000001b5d1a57060 nmethod 8427 0x000001b580f01890 code [0x000001b580f01a40, 0x000001b580f01bf8]
Event: 793.080 Thread 0x000001b5d1a57060 8429       1       org.antlr.v4.runtime.atn.LexerATNSimulator::captureSimState (32 bytes)
Event: 793.081 Thread 0x000001b5d1a57060 nmethod 8429 0x000001b580f01d10 code [0x000001b580f01ea0, 0x000001b580f02018]
Event: 793.094 Thread 0x000001b5d1a57060 8430       1       org.antlr.v4.runtime.atn.PredictionMode::getConflictingAltSubsets (81 bytes)
Event: 793.094 Thread 0x000001b5d1a5a030 8431       1       org.antlr.v4.runtime.misc.FlexibleHashMap::values (95 bytes)
Event: 793.094 Thread 0x000001b5d1a57060 nmethod 8430 0x000001b580f02110 code [0x000001b580f02300, 0x000001b580f02838]
Event: 793.096 Thread 0x000001b5d1a5a030 nmethod 8431 0x000001b580f02b90 code [0x000001b580f02da0, 0x000001b580f03348]
Event: 794.198 Thread 0x000001b5d1a5a030 8432       1       org.antlr.v4.runtime.atn.PlusLoopbackState::getStateType (3 bytes)
Event: 794.198 Thread 0x000001b5d1a5a030 nmethod 8432 0x000001b580f03790 code [0x000001b580f03920, 0x000001b580f039f8]
Event: 794.208 Thread 0x000001b5d1a5a030 8433       1       org.antlr.v4.runtime.atn.PredictionMode::hasConflictingAltSet (41 bytes)
Event: 794.208 Thread 0x000001b5d1a5a030 nmethod 8433 0x000001b580f03a90 code [0x000001b580f03c60, 0x000001b580f03eb8]
Event: 794.355 Thread 0x000001b5d1a57060 8434       1       org.antlr.v4.runtime.ParserRuleContext::addAnyChild (31 bytes)
Event: 794.355 Thread 0x000001b5d1a57060 nmethod 8434 0x000001b580f04090 code [0x000001b580f04240, 0x000001b580f04488]
Event: 794.369 Thread 0x000001b5d1a57060 8435   !   1       org.antlr.v4.runtime.atn.ParserATNSimulator::addDFAState (173 bytes)
Event: 794.371 Thread 0x000001b5d1a5a030 8436       1       org.antlr.v4.runtime.BailErrorStrategy::sync (1 bytes)
Event: 794.371 Thread 0x000001b5d1a5a030 nmethod 8436 0x000001b580f04510 code [0x000001b580f046a0, 0x000001b580f04758]
Event: 794.372 Thread 0x000001b5d1a57060 nmethod 8435 0x000001b580f04810 code [0x000001b580f04ae0, 0x000001b580f054e8]

GC Heap History (20 events):
Event: 790.759 GC heap after
{Heap after GC invocations=23 (full 0):
 garbage-first heap   total 86016K, used 40769K [0x0000000083600000, 0x0000000100000000)
  region size 1024K, 1 young (1024K), 1 survivors (1024K)
 Metaspace       used 67035K, committed 67584K, reserved 1114112K
  class space    used 9865K, committed 10112K, reserved 1048576K
}
Event: 792.491 GC heap before
{Heap before GC invocations=23 (full 0):
 garbage-first heap   total 86016K, used 69441K [0x0000000083600000, 0x0000000100000000)
  region size 1024K, 29 young (29696K), 1 survivors (1024K)
 Metaspace       used 70749K, committed 71296K, reserved 1114112K
  class space    used 10525K, committed 10752K, reserved 1048576K
}
Event: 792.505 GC heap after
{Heap after GC invocations=24 (full 0):
 garbage-first heap   total 86016K, used 42222K [0x0000000083600000, 0x0000000100000000)
  region size 1024K, 2 young (2048K), 2 survivors (2048K)
 Metaspace       used 70749K, committed 71296K, reserved 1114112K
  class space    used 10525K, committed 10752K, reserved 1048576K
}
Event: 792.644 GC heap before
{Heap before GC invocations=24 (full 0):
 garbage-first heap   total 86016K, used 69870K [0x0000000083600000, 0x0000000100000000)
  region size 1024K, 29 young (29696K), 2 survivors (2048K)
 Metaspace       used 70752K, committed 71296K, reserved 1114112K
  class space    used 10525K, committed 10752K, reserved 1048576K
}
Event: 792.647 GC heap after
{Heap after GC invocations=25 (full 0):
 garbage-first heap   total 86016K, used 43238K [0x0000000083600000, 0x0000000100000000)
  region size 1024K, 3 young (3072K), 3 survivors (3072K)
 Metaspace       used 70752K, committed 71296K, reserved 1114112K
  class space    used 10525K, committed 10752K, reserved 1048576K
}
Event: 792.992 GC heap before
{Heap before GC invocations=26 (full 0):
 garbage-first heap   total 86016K, used 70886K [0x0000000083600000, 0x0000000100000000)
  region size 1024K, 30 young (30720K), 3 survivors (3072K)
 Metaspace       used 72377K, committed 72896K, reserved 1114112K
  class space    used 10899K, committed 11136K, reserved 1048576K
}
Event: 793.007 GC heap after
{Heap after GC invocations=27 (full 0):
 garbage-first heap   total 86016K, used 46579K [0x0000000083600000, 0x0000000100000000)
  region size 1024K, 4 young (4096K), 4 survivors (4096K)
 Metaspace       used 72377K, committed 72896K, reserved 1114112K
  class space    used 10899K, committed 11136K, reserved 1048576K
}
Event: 793.011 GC heap before
{Heap before GC invocations=27 (full 0):
 garbage-first heap   total 86016K, used 47603K [0x0000000083600000, 0x0000000100000000)
  region size 1024K, 5 young (5120K), 4 survivors (4096K)
 Metaspace       used 72377K, committed 72896K, reserved 1114112K
  class space    used 10899K, committed 11136K, reserved 1048576K
}
Event: 793.027 GC heap after
{Heap after GC invocations=28 (full 0):
 garbage-first heap   total 86016K, used 46520K [0x0000000083600000, 0x0000000100000000)
  region size 1024K, 1 young (1024K), 1 survivors (1024K)
 Metaspace       used 72377K, committed 72896K, reserved 1114112K
  class space    used 10899K, committed 11136K, reserved 1048576K
}
Event: 793.115 GC heap before
{Heap before GC invocations=28 (full 0):
 garbage-first heap   total 86016K, used 68024K [0x0000000083600000, 0x0000000100000000)
  region size 1024K, 22 young (22528K), 1 survivors (1024K)
 Metaspace       used 72379K, committed 72896K, reserved 1114112K
  class space    used 10899K, committed 11136K, reserved 1048576K
}
Event: 794.145 GC heap after
{Heap after GC invocations=29 (full 0):
 garbage-first heap   total 258048K, used 53578K [0x0000000083600000, 0x0000000100000000)
  region size 1024K, 3 young (3072K), 3 survivors (3072K)
 Metaspace       used 72379K, committed 72896K, reserved 1114112K
  class space    used 10899K, committed 11136K, reserved 1048576K
}
Event: 794.189 GC heap before
{Heap before GC invocations=29 (full 0):
 garbage-first heap   total 258048K, used 62794K [0x0000000083600000, 0x0000000100000000)
  region size 1024K, 12 young (12288K), 3 survivors (3072K)
 Metaspace       used 72380K, committed 72896K, reserved 1114112K
  class space    used 10899K, committed 11136K, reserved 1048576K
}
Event: 794.193 GC heap after
{Heap after GC invocations=30 (full 0):
 garbage-first heap   total 258048K, used 54468K [0x0000000083600000, 0x0000000100000000)
  region size 1024K, 1 young (1024K), 1 survivors (1024K)
 Metaspace       used 72380K, committed 72896K, reserved 1114112K
  class space    used 10899K, committed 11136K, reserved 1048576K
}
Event: 794.239 GC heap before
{Heap before GC invocations=30 (full 0):
 garbage-first heap   total 258048K, used 65732K [0x0000000083600000, 0x0000000100000000)
  region size 1024K, 12 young (12288K), 1 survivors (1024K)
 Metaspace       used 72385K, committed 72960K, reserved 1114112K
  class space    used 10899K, committed 11136K, reserved 1048576K
}
Event: 794.242 GC heap after
{Heap after GC invocations=31 (full 0):
 garbage-first heap   total 258048K, used 57731K [0x0000000083600000, 0x0000000100000000)
  region size 1024K, 2 young (2048K), 2 survivors (2048K)
 Metaspace       used 72385K, committed 72960K, reserved 1114112K
  class space    used 10899K, committed 11136K, reserved 1048576K
}
Event: 794.295 GC heap before
{Heap before GC invocations=32 (full 0):
 garbage-first heap   total 201728K, used 67971K [0x0000000083600000, 0x0000000100000000)
  region size 1024K, 12 young (12288K), 2 survivors (2048K)
 Metaspace       used 72385K, committed 72960K, reserved 1114112K
  class space    used 10899K, committed 11136K, reserved 1048576K
}
Event: 794.303 GC heap after
{Heap after GC invocations=33 (full 0):
 garbage-first heap   total 201728K, used 61246K [0x0000000083600000, 0x0000000100000000)
  region size 1024K, 2 young (2048K), 2 survivors (2048K)
 Metaspace       used 72385K, committed 72960K, reserved 1114112K
  class space    used 10899K, committed 11136K, reserved 1048576K
}
Event: 794.362 GC heap before
{Heap before GC invocations=33 (full 0):
 garbage-first heap   total 201728K, used 68414K [0x0000000083600000, 0x0000000100000000)
  region size 1024K, 9 young (9216K), 2 survivors (2048K)
 Metaspace       used 72386K, committed 72960K, reserved 1114112K
  class space    used 10899K, committed 11136K, reserved 1048576K
}
Event: 794.365 GC heap after
{Heap after GC invocations=34 (full 0):
 garbage-first heap   total 201728K, used 62341K [0x0000000083600000, 0x0000000100000000)
  region size 1024K, 2 young (2048K), 2 survivors (2048K)
 Metaspace       used 72386K, committed 72960K, reserved 1114112K
  class space    used 10899K, committed 11136K, reserved 1048576K
}
Event: 794.412 GC heap before
{Heap before GC invocations=34 (full 0):
 garbage-first heap   total 201728K, used 69509K [0x0000000083600000, 0x0000000100000000)
  region size 1024K, 9 young (9216K), 2 survivors (2048K)
 Metaspace       used 72386K, committed 72960K, reserved 1114112K
  class space    used 10899K, committed 11136K, reserved 1048576K
}

Deoptimization events (4 events):
Event: 4.921 Thread 0x000001b5cfad6070 DEOPT PACKING pc=0x000001b5804ee181 sp=0x000000ae1fcfd790
Event: 4.921 Thread 0x000001b5cfad6070 DEOPT UNPACKING pc=0x000001b5800566e3 sp=0x000000ae1fcfcc20 mode 3
Event: 4.921 Thread 0x000001b5d147a4f0 DEOPT PACKING pc=0x000001b5804d3297 sp=0x000000ae206ff290
Event: 4.921 Thread 0x000001b5d147a4f0 DEOPT UNPACKING pc=0x000001b5800566e3 sp=0x000000ae206fe6e8 mode 3

Classes unloaded (20 events):
Event: 759.997 Thread 0x000001b589c6bea0 Unloading class 0x000001b58b107c00 'java/lang/invoke/LambdaForm$MH+0x000001b58b107c00'
Event: 759.997 Thread 0x000001b589c6bea0 Unloading class 0x000001b58b106000 'java/lang/invoke/LambdaForm$MH+0x000001b58b106000'
Event: 759.997 Thread 0x000001b589c6bea0 Unloading class 0x000001b58b104c00 'java/lang/invoke/LambdaForm$DMH+0x000001b58b104c00'
Event: 759.997 Thread 0x000001b589c6bea0 Unloading class 0x000001b58b0ddc00 'java/lang/invoke/LambdaForm$MH+0x000001b58b0ddc00'
Event: 759.997 Thread 0x000001b589c6bea0 Unloading class 0x000001b58b0dd800 'java/lang/invoke/LambdaForm$MH+0x000001b58b0dd800'
Event: 759.997 Thread 0x000001b589c6bea0 Unloading class 0x000001b58b0dd400 'java/lang/invoke/LambdaForm$MH+0x000001b58b0dd400'
Event: 759.997 Thread 0x000001b589c6bea0 Unloading class 0x000001b58b0dd000 'java/lang/invoke/LambdaForm$MH+0x000001b58b0dd000'
Event: 759.997 Thread 0x000001b589c6bea0 Unloading class 0x000001b58b0dcc00 'java/lang/invoke/LambdaForm$MH+0x000001b58b0dcc00'
Event: 759.997 Thread 0x000001b589c6bea0 Unloading class 0x000001b58b0dc800 'java/lang/invoke/LambdaForm$MH+0x000001b58b0dc800'
Event: 759.998 Thread 0x000001b589c6bea0 Unloading class 0x000001b58b0dc400 'java/lang/invoke/LambdaForm$MH+0x000001b58b0dc400'
Event: 759.998 Thread 0x000001b589c6bea0 Unloading class 0x000001b58b0d5000 'java/lang/invoke/LambdaForm$MH+0x000001b58b0d5000'
Event: 759.999 Thread 0x000001b589c6bea0 Unloading class 0x000001b58b0b8000 'java/lang/invoke/LambdaForm$DMH+0x000001b58b0b8000'
Event: 759.999 Thread 0x000001b589c6bea0 Unloading class 0x000001b58b016c00 'java/lang/invoke/LambdaForm$MH+0x000001b58b016c00'
Event: 759.999 Thread 0x000001b589c6bea0 Unloading class 0x000001b58b016400 'java/lang/invoke/LambdaForm$MH+0x000001b58b016400'
Event: 759.999 Thread 0x000001b589c6bea0 Unloading class 0x000001b58b016000 'java/lang/invoke/LambdaForm$MH+0x000001b58b016000'
Event: 759.999 Thread 0x000001b589c6bea0 Unloading class 0x000001b58b015c00 'java/lang/invoke/LambdaForm$MH+0x000001b58b015c00'
Event: 759.999 Thread 0x000001b589c6bea0 Unloading class 0x000001b58b015800 'java/lang/invoke/LambdaForm$MH+0x000001b58b015800'
Event: 760.001 Thread 0x000001b589c6bea0 Unloading class 0x000001b58b015400 'java/lang/invoke/LambdaForm$MH+0x000001b58b015400'
Event: 760.001 Thread 0x000001b589c6bea0 Unloading class 0x000001b58b014c00 'java/lang/invoke/LambdaForm$MH+0x000001b58b014c00'
Event: 760.001 Thread 0x000001b589c6bea0 Unloading class 0x000001b58b014400 'java/lang/invoke/LambdaForm$MH+0x000001b58b014400'

Classes redefined (0 events):
No events

Internal exceptions (20 events):
Event: 762.918 Thread 0x000001b5cfad6070 Exception <a 'java/lang/NoSuchMethodError'{0x0000000086ca2458}: 'java.lang.Object java.lang.invoke.DirectMethodHandle$Holder.newInvokeSpecial(java.lang.Object, java.lang.Object, int)'> (0x0000000086ca2458) 
thrown [s\open\src\hotspot\share\interpreter\linkResolver.cpp, line 759]
Event: 763.031 Thread 0x000001b5cfad6070 Exception <a 'java/lang/NoSuchMethodError'{0x0000000086a2bb98}: 'java.lang.Object java.lang.invoke.DirectMethodHandle$Holder.newInvokeSpecial(java.lang.Object, java.lang.Object, java.lang.Object, java.lang.Object, java.lang.Object, int, java.lang.Object)'> (0x0000000086a2bb98) 
thrown [s\open\src\hotspot\share\interpreter\linkResolver.cpp, line 759]
Event: 763.044 Thread 0x000001b5cfad6070 Exception <a 'java/lang/NoSuchMethodError'{0x0000000086a65808}: 'java.lang.Object java.lang.invoke.DirectMethodHandle$Holder.newInvokeSpecial(java.lang.Object, java.lang.Object, java.lang.Object, java.lang.Object, java.lang.Object, java.lang.Object, java.lang.Object, java.lang.Object, java.lang.Object, java.lang.Object, java.lang.Object, java.lang.Object)'> (0x0000000086a65808) 
thrown [s\open\src\hotspot\share\interpreter\linkResolver.cpp, line 759]
Event: 763.044 Thread 0x000001b5cfad6070 Exception <a 'java/lang/NoSuchMethodError'{0x0000000086a6a2a0}: 'java.lang.Object java.lang.invoke.DirectMethodHandle$Holder.invokeSpecial(java.lang.Object, java.lang.Object, java.lang.Object, java.lang.Object, java.lang.Object, java.lang.Object, java.lang.Object, java.lang.Object, java.lang.Object, java.lang.Object, java.lang.Object, java.lang.Object, java.lang.Object)'> (0x0000000086a6a2a0) 
thrown [s\open\src\hotspot\share\interpreter\linkResolver.cpp, line 759]
Event: 763.044 Thread 0x000001b5cfad6070 Exception <a 'java/lang/NoSuchMethodError'{0x0000000086a6e9b8}: 'java.lang.Object java.lang.invoke.Invokers$Holder.linkToTargetMethod(java.lang.Object, java.lang.Object, java.lang.Object, java.lang.Object, java.lang.Object, java.lang.Object, java.lang.Object, java.lang.Object, java.lang.Object, java.lang.Object, java.lang.Object, java.lang.Object)'> (0x0000000086a6e9b8) 
thrown [s\open\src\hotspot\share\interpreter\linkResolver.cpp, line 759]
Event: 763.278 Thread 0x000001b5cfad6070 Exception <a 'java/lang/IncompatibleClassChangeError'{0x000000008a43a618}: Found class java.lang.Object, but interface was expected> (0x000000008a43a618) 
thrown [s\open\src\hotspot\share\interpreter\linkResolver.cpp, line 826]
Event: 763.317 Thread 0x000001b5cfad6070 Exception <a 'java/lang/NoSuchMethodError'{0x000000008a4c3c28}: 'java.lang.Object java.lang.invoke.DirectMethodHandle$Holder.newInvokeSpecial(java.lang.Object, java.lang.Object, int, java.lang.Object, int, java.lang.Object, java.lang.Object)'> (0x000000008a4c3c28) 
thrown [s\open\src\hotspot\share\interpreter\linkResolver.cpp, line 759]
Event: 763.333 Thread 0x000001b5cfad6070 Exception <a 'java/lang/NoSuchMethodError'{0x000000008a315960}: 'java.lang.Object java.lang.invoke.DirectMethodHandle$Holder.newInvokeSpecial(java.lang.Object, java.lang.Object, java.lang.Object, java.lang.Object, java.lang.Object, java.lang.Object, java.lang.Object, int)'> (0x000000008a315960) 
thrown [s\open\src\hotspot\share\interpreter\linkResolver.cpp, line 759]
Event: 763.333 Thread 0x000001b5cfad6070 Exception <a 'java/lang/NoSuchMethodError'{0x000000008a31a958}: 'java.lang.Object java.lang.invoke.DirectMethodHandle$Holder.invokeSpecial(java.lang.Object, java.lang.Object, java.lang.Object, java.lang.Object, java.lang.Object, java.lang.Object, java.lang.Object, java.lang.Object, int)'> (0x000000008a31a958) 
thrown [s\open\src\hotspot\share\interpreter\linkResolver.cpp, line 759]
Event: 763.333 Thread 0x000001b5cfad6070 Exception <a 'java/lang/NoSuchMethodError'{0x000000008a31f420}: 'java.lang.Object java.lang.invoke.Invokers$Holder.linkToTargetMethod(java.lang.Object, java.lang.Object, java.lang.Object, java.lang.Object, java.lang.Object, java.lang.Object, int, java.lang.Object)'> (0x000000008a31f420) 
thrown [s\open\src\hotspot\share\interpreter\linkResolver.cpp, line 759]
Event: 764.626 Thread 0x000001b5cfad6070 Exception <a 'java/lang/NoSuchMethodError'{0x0000000087ef6420}: 'java.lang.Object java.lang.invoke.DirectMethodHandle$Holder.invokeSpecial(java.lang.Object, java.lang.Object, int, java.lang.Object, int)'> (0x0000000087ef6420) 
thrown [s\open\src\hotspot\share\interpreter\linkResolver.cpp, line 759]
Event: 790.115 Thread 0x000001b5cfad6070 Exception <a 'java/lang/IncompatibleClassChangeError'{0x00000000870fbb20}: Found class java.lang.Object, but interface was expected> (0x00000000870fbb20) 
thrown [s\open\src\hotspot\share\interpreter\linkResolver.cpp, line 826]
Event: 790.400 Thread 0x000001b5cfad6070 Exception <a 'java/lang/IncompatibleClassChangeError'{0x0000000086d662d0}: Found class java.lang.Object, but interface was expected> (0x0000000086d662d0) 
thrown [s\open\src\hotspot\share\interpreter\linkResolver.cpp, line 826]
Event: 790.892 Thread 0x000001b5cfad6070 Exception <a 'java/lang/IncompatibleClassChangeError'{0x0000000088652da8}: Found class java.lang.Object, but interface was expected> (0x0000000088652da8) 
thrown [s\open\src\hotspot\share\interpreter\linkResolver.cpp, line 826]
Event: 791.312 Thread 0x000001b5cfad6070 Exception <a 'java/lang/reflect/InvocationTargetException'{0x0000000088161038}> (0x0000000088161038) 
thrown [s\open\src\hotspot\share\runtime\reflection.cpp, line 1121]
Event: 791.357 Thread 0x000001b5cfad6070 Exception <a 'java/lang/NoSuchMethodError'{0x00000000881c69a8}: 'int java.lang.invoke.DirectMethodHandle$Holder.invokeStatic(java.lang.Object, java.lang.Object, int)'> (0x00000000881c69a8) 
thrown [s\open\src\hotspot\share\interpreter\linkResolver.cpp, line 759]
Event: 791.381 Thread 0x000001b5cfad6070 Exception <a 'java/lang/IncompatibleClassChangeError'{0x000000008800c718}: Found class java.lang.Object, but interface was expected> (0x000000008800c718) 
thrown [s\open\src\hotspot\share\interpreter\linkResolver.cpp, line 826]
Event: 791.563 Thread 0x000001b5cfad6070 Exception <a 'java/lang/NoSuchMethodError'{0x0000000087fd58b0}: 'java.lang.Object java.lang.invoke.DirectMethodHandle$Holder.invokeStatic(java.lang.Object, int, java.lang.Object)'> (0x0000000087fd58b0) 
thrown [s\open\src\hotspot\share\interpreter\linkResolver.cpp, line 759]
Event: 791.628 Thread 0x000001b5cfad6070 Exception <a 'java/lang/reflect/InvocationTargetException'{0x0000000087e1f1d8}> (0x0000000087e1f1d8) 
thrown [s\open\src\hotspot\share\runtime\reflection.cpp, line 1121]
Event: 791.643 Thread 0x000001b5cfad6070 Exception <a 'java/lang/reflect/InvocationTargetException'{0x0000000087e57920}> (0x0000000087e57920) 
thrown [s\open\src\hotspot\share\runtime\reflection.cpp, line 1121]

VM Operations (20 events):
Event: 792.720 Executing VM operation: G1Concurrent done
Event: 792.992 Executing VM operation: G1CollectForAllocation
Event: 793.007 Executing VM operation: G1CollectForAllocation done
Event: 793.011 Executing VM operation: G1CollectForAllocation
Event: 793.027 Executing VM operation: G1CollectForAllocation done
Event: 793.115 Executing VM operation: G1CollectForAllocation
Event: 794.145 Executing VM operation: G1CollectForAllocation done
Event: 794.185 Executing VM operation: G1CollectForAllocation
Event: 794.193 Executing VM operation: G1CollectForAllocation done
Event: 794.239 Executing VM operation: G1CollectForAllocation
Event: 794.242 Executing VM operation: G1CollectForAllocation done
Event: 794.247 Executing VM operation: G1Concurrent
Event: 794.256 Executing VM operation: G1Concurrent done
Event: 794.291 Executing VM operation: G1Concurrent
Event: 794.292 Executing VM operation: G1Concurrent done
Event: 794.295 Executing VM operation: G1CollectForAllocation
Event: 794.303 Executing VM operation: G1CollectForAllocation done
Event: 794.361 Executing VM operation: G1CollectForAllocation
Event: 794.365 Executing VM operation: G1CollectForAllocation done
Event: 794.412 Executing VM operation: G1CollectForAllocation

Events (20 events):
Event: 790.930 loading class java/lang/Package$1PackageInfoProxy
Event: 790.930 loading class java/lang/Package$1PackageInfoProxy done
Event: 790.996 loading class java/util/stream/ReduceOps$5
Event: 790.997 loading class java/util/stream/ReduceOps$5 done
Event: 790.997 loading class java/util/stream/ReduceOps$CountingSink$OfRef
Event: 790.998 loading class java/util/stream/ReduceOps$CountingSink$OfRef done
Event: 791.374 loading class java/util/regex/Pattern$1
Event: 791.374 loading class java/util/regex/Pattern$1 done
Event: 791.493 loading class java/util/regex/Pattern$Bound
Event: 791.494 loading class java/util/regex/Pattern$Bound done
Event: 791.494 loading class java/util/regex/Pattern$SliceI
Event: 791.495 loading class java/util/regex/Pattern$SliceI done
Event: 791.497 loading class java/util/regex/Pattern$LookBehindEndNode
Event: 791.498 loading class java/util/regex/Pattern$LookBehindEndNode done
Event: 791.498 loading class java/util/regex/Pattern$NotBehind
Event: 791.499 loading class java/util/regex/Pattern$NotBehind done
Event: 791.499 loading class java/util/regex/Pattern$Neg
Event: 791.499 loading class java/util/regex/Pattern$Neg done
Event: 791.499 loading class java/util/regex/Pattern$Behind
Event: 791.499 loading class java/util/regex/Pattern$Behind done


Dynamic libraries:
0x00007ff6f1bc0000 - 0x00007ff6f1bd0000 	C:\Program Files\Java\jdk-17\bin\java.exe
0x00007ff823e00000 - 0x00007ff824066000 	C:\WINDOWS\SYSTEM32\ntdll.dll
0x00007ff822430000 - 0x00007ff8224f9000 	C:\WINDOWS\System32\KERNEL32.DLL
0x00007ff821010000 - 0x00007ff82140f000 	C:\WINDOWS\System32\KERNELBASE.dll
0x00007ff8219a0000 - 0x00007ff821aec000 	C:\WINDOWS\System32\ucrtbase.dll
0x00007ff802430000 - 0x00007ff802449000 	C:\Program Files\Java\jdk-17\bin\jli.dll
0x00007ffffc640000 - 0x00007ffffc65b000 	C:\Program Files\Java\jdk-17\bin\VCRUNTIME140.dll
0x00007ff821df0000 - 0x00007ff821eac000 	C:\WINDOWS\System32\ADVAPI32.dll
0x00007ff821b30000 - 0x00007ff821bd9000 	C:\WINDOWS\System32\msvcrt.dll
0x00007ff823760000 - 0x00007ff82380a000 	C:\WINDOWS\System32\sechost.dll
0x00007ff823ca0000 - 0x00007ff823db8000 	C:\WINDOWS\System32\RPCRT4.dll
0x00007ff823590000 - 0x00007ff823756000 	C:\WINDOWS\System32\USER32.dll
0x00007ff821b00000 - 0x00007ff821b27000 	C:\WINDOWS\System32\win32u.dll
0x00007ff822040000 - 0x00007ff82206b000 	C:\WINDOWS\System32\GDI32.dll
0x00007ff805740000 - 0x00007ff8059d1000 	C:\WINDOWS\WinSxS\amd64_microsoft.windows.common-controls_6595b64144ccf1df_6.0.26100.8972_none_3e0da176e32f9d4b\COMCTL32.dll
0x00007ff821640000 - 0x00007ff821769000 	C:\WINDOWS\System32\gdi32full.dll
0x00007ff821830000 - 0x00007ff8218d3000 	C:\WINDOWS\System32\msvcp_win.dll
0x00007ff80d660000 - 0x00007ff80d66b000 	C:\WINDOWS\SYSTEM32\VERSION.dll
0x00007ff822280000 - 0x00007ff8222b2000 	C:\WINDOWS\System32\IMM32.DLL
0x00007ff81bab0000 - 0x00007ff81babc000 	C:\Program Files\Java\jdk-17\bin\vcruntime140_1.dll
0x00007fffb0ee0000 - 0x00007fffb0f6e000 	C:\Program Files\Java\jdk-17\bin\msvcp140.dll
0x00007fff549e0000 - 0x00007fff555c0000 	C:\Program Files\Java\jdk-17\bin\server\jvm.dll
0x00007ff822620000 - 0x00007ff822628000 	C:\WINDOWS\System32\PSAPI.DLL
0x00007ffffa600000 - 0x00007ffffa60a000 	C:\WINDOWS\SYSTEM32\WSOCK32.dll
0x00007ff806ca0000 - 0x00007ff806cd6000 	C:\WINDOWS\SYSTEM32\WINMM.dll
0x00007ff8222c0000 - 0x00007ff822342000 	C:\WINDOWS\System32\WS2_32.dll
0x00007ff81fcc0000 - 0x00007ff81fcdb000 	C:\WINDOWS\SYSTEM32\kernel.appcore.dll
0x00007ff81ba90000 - 0x00007ff81ba9a000 	C:\Program Files\Java\jdk-17\bin\jimage.dll
0x00007ff81e6f0000 - 0x00007ff81e932000 	C:\WINDOWS\SYSTEM32\DBGHELP.DLL
0x00007ff823020000 - 0x00007ff8233a5000 	C:\WINDOWS\System32\combase.dll
0x00007ff822350000 - 0x00007ff822429000 	C:\WINDOWS\System32\OLEAUT32.dll
0x00007ff8015e0000 - 0x00007ff80161b000 	C:\WINDOWS\SYSTEM32\dbgcore.DLL
0x00007ff8218e0000 - 0x00007ff82198c000 	C:\WINDOWS\System32\bcryptPrimitives.dll
0x00007fffe9af0000 - 0x00007fffe9b15000 	C:\Program Files\Java\jdk-17\bin\java.dll
0x00007fffb05a0000 - 0x00007fffb0677000 	C:\Program Files\Java\jdk-17\bin\jsvml.dll
0x00007ff822890000 - 0x00007ff823018000 	C:\WINDOWS\System32\SHELL32.dll
0x00007ff81ea80000 - 0x00007ff81f31b000 	C:\WINDOWS\SYSTEM32\windows.storage.dll
0x00007ff821f40000 - 0x00007ff822039000 	C:\WINDOWS\System32\SHCORE.dll
0x00007ff822070000 - 0x00007ff8220d6000 	C:\WINDOWS\System32\shlwapi.dll
0x00007ff820f30000 - 0x00007ff820f59000 	C:\WINDOWS\SYSTEM32\profapi.dll
0x00007ffffbe50000 - 0x00007ffffbe69000 	C:\Program Files\Java\jdk-17\bin\net.dll
0x00007ff819ed0000 - 0x00007ff819ff8000 	C:\WINDOWS\SYSTEM32\WINHTTP.dll
0x00007ff820250000 - 0x00007ff8202bc000 	C:\WINDOWS\system32\mswsock.dll
0x00007ffff7530000 - 0x00007ffff7546000 	C:\Program Files\Java\jdk-17\bin\nio.dll
0x00007ffff7140000 - 0x00007ffff7158000 	C:\Program Files\Java\jdk-17\bin\zip.dll
0x00007ff81ba60000 - 0x00007ff81ba70000 	C:\Program Files\Java\jdk-17\bin\verify.dll
0x00007ff81b890000 - 0x00007ff81b89a000 	C:\Program Files\Java\jdk-17\bin\management.dll
0x00007ff816bd0000 - 0x00007ff816bdb000 	C:\Program Files\Java\jdk-17\bin\management_ext.dll
0x00007ff80e320000 - 0x00007ff80e32e000 	C:\Program Files\Java\jdk-17\bin\sunmscapi.dll
0x00007ff821420000 - 0x00007ff82159e000 	C:\WINDOWS\System32\CRYPT32.dll
0x00007ff8207e0000 - 0x00007ff820810000 	C:\WINDOWS\SYSTEM32\ncrypt.dll
0x00007ff820790000 - 0x00007ff8207cf000 	C:\WINDOWS\SYSTEM32\NTASN1.dll
0x00007ff820670000 - 0x00007ff82068b000 	C:\WINDOWS\SYSTEM32\CRYPTSP.dll
0x00007ff81fc20000 - 0x00007ff81fc59000 	C:\WINDOWS\system32\rsaenh.dll
0x00007ff820300000 - 0x00007ff820332000 	C:\WINDOWS\SYSTEM32\USERENV.dll
0x00007ff820f00000 - 0x00007ff820f2a000 	C:\WINDOWS\SYSTEM32\bcrypt.dll
0x00007ff8204b0000 - 0x00007ff8204bc000 	C:\WINDOWS\SYSTEM32\CRYPTBASE.dll
0x00007ff81f670000 - 0x00007ff81f6a3000 	C:\WINDOWS\SYSTEM32\IPHLPAPI.DLL
0x00007ff822630000 - 0x00007ff82263a000 	C:\WINDOWS\System32\NSI.dll
0x00007ff81a260000 - 0x00007ff81a27d000 	C:\WINDOWS\SYSTEM32\dhcpcsvc6.DLL
0x00007ff81a230000 - 0x00007ff81a255000 	C:\WINDOWS\SYSTEM32\dhcpcsvc.DLL
0x00007ff81f6b0000 - 0x00007ff81f808000 	C:\WINDOWS\SYSTEM32\DNSAPI.dll
0x00007ff820070000 - 0x00007ff82007d000 	C:\WINDOWS\SYSTEM32\DSPARSE.dll
0x00007ff816b40000 - 0x00007ff816b4b000 	C:\Windows\System32\rasadhlp.dll
0x00007ff81a6e0000 - 0x00007ff81a766000 	C:\WINDOWS\System32\fwpuclnt.dll

dbghelp: loaded successfully - version: 4.0.5 - missing functions: none
symbol engine: initialized successfully - sym options: 0x614 - pdb path: .;C:\Program Files\Java\jdk-17\bin;C:\WINDOWS\SYSTEM32;C:\WINDOWS\WinSxS\amd64_microsoft.windows.common-controls_6595b64144ccf1df_6.0.26100.8972_none_3e0da176e32f9d4b;C:\Program Files\Java\jdk-17\bin\server

VM Arguments:
jvm_args: -XX:TieredStopAtLevel=1 
java_command: com.celebstash.backend.BackendApplication
java_class_path (initial): C:\Users\karab\OneDrive\Desktop\zikiii\celebstash_back\target\classes;C:\Users\karab\.m2\repository\ch\qos\logback\logback-classic\1.5.18\logback-classic-1.5.18.jar;C:\Users\karab\.m2\repository\ch\qos\logback\logback-core\1.5.18\logback-core-1.5.18.jar;C:\Users\karab\.m2\repository\org\apache\logging\log4j\log4j-to-slf4j\2.24.3\log4j-to-slf4j-2.24.3.jar;C:\Users\karab\.m2\repository\org\apache\logging\log4j\log4j-api\2.24.3\log4j-api-2.24.3.jar;C:\Users\karab\.m2\repository\org\slf4j\jul-to-slf4j\2.0.17\jul-to-slf4j-2.0.17.jar;C:\Users\karab\.m2\repository\jakarta\annotation\jakarta.annotation-api\2.1.1\jakarta.annotation-api-2.1.1.jar;C:\Users\karab\.m2\repository\org\yaml\snakeyaml\2.4\snakeyaml-2.4.jar;C:\Users\karab\.m2\repository\org\springframework\boot\spring-boot-actuator-autoconfigure\3.5.5\spring-boot-actuator-autoconfigure-3.5.5.jar;C:\Users\karab\.m2\repository\org\springframework\boot\spring-boot-actuator\3.5.5\spring-boot-actuator-3.5.5.jar;C:\Users\karab\.m2\repository\io\micrometer\micrometer-observation\1.15.3\micrometer-observation-1.15.3.jar;C:\Users\karab\.m2\repository\io\micrometer\micrometer-commons\1.15.3\micrometer-commons-1.15.3.jar;C:\Users\karab\.m2\repository\io\micrometer\micrometer-jakarta9\1.15.3\micrometer-jakarta9-1.15.3.jar;C:\Users\karab\.m2\repository\io\micrometer\micrometer-core\1.15.3\micrometer-core-1.15.3.jar;C:\Users\karab\.m2\repository\org\hdrhistogram\HdrHistogram\2.2.2\HdrHistogram-2.2.2.jar;C:\Users\karab\.m2\repository\org\latencyutils\LatencyUtils\2.0.3\LatencyUtils-2.0.3.jar;C:\Users\karab\.m2\repository\com\zaxxer\HikariCP\6.3.2\HikariCP-6.3.2.jar;C:\Users\karab\.m2\repository\org\springframework\spring-jdbc\6.2.10\spring-jdbc-6.2.10.jar;C:\Users\karab\.m2\repository\org\hibernate\orm\hibernate-core\6.6.26.Final\hibernate-core-6.6.26.Final.jar;C:\Users\karab\.m2\repository\jakarta\persistence\jakarta.persistence-api\3.1.0\jakarta.persistence-api-3.1.0.jar;C:\Users\karab\.m2\repository\
Launcher Type: SUN_STANDARD

[Global flags]
     intx CICompilerCount                          = 4                                         {product} {ergonomic}
     uint ConcGCThreads                            = 2                                         {product} {ergonomic}
     uint G1ConcRefinementThreads                  = 8                                         {product} {ergonomic}
   size_t G1HeapRegionSize                         = 1048576                                   {product} {ergonomic}
    uintx GCDrainStackTargetSize                   = 64                                        {product} {ergonomic}
   size_t InitialHeapSize                          = 132120576                                 {product} {ergonomic}
   size_t MarkStackSize                            = 4194304                                   {product} {ergonomic}
   size_t MaxHeapSize                              = 2090860544                                {product} {ergonomic}
   size_t MaxNewSize                               = 1254096896                                {product} {ergonomic}
   size_t MinHeapDeltaBytes                        = 1048576                                   {product} {ergonomic}
   size_t MinHeapSize                              = 8388608                                   {product} {ergonomic}
    uintx NonProfiledCodeHeapSize                  = 0                                      {pd product} {ergonomic}
     bool ProfileInterpreter                       = false                                  {pd product} {command line}
    uintx ProfiledCodeHeapSize                     = 0                                      {pd product} {ergonomic}
   size_t SoftMaxHeapSize                          = 2090860544                             {manageable} {ergonomic}
     intx TieredStopAtLevel                        = 1                                         {product} {command line}
     bool UseCompressedClassPointers               = true                           {product lp64_product} {ergonomic}
     bool UseCompressedOops                        = true                           {product lp64_product} {ergonomic}
     bool UseG1GC                                  = true                                      {product} {ergonomic}
     bool UseLargePagesIndividualAllocation        = false                                  {pd product} {ergonomic}

Logging:
Log output configuration:
 #0: stdout all=warning uptime,level,tags
 #1: stderr all=off uptime,level,tags

Environment Variables:
JAVA_HOME=C:\Program Files\Java\jdk-17
PATH=C:\Users\karab\AppData\Local\fnm_multishells\12260_1787811268903;C:\Program Files\Common Files\Oracle\Java\javapath;C:\WINDOWS\system32;C:\WINDOWS;C:\WINDOWS\System32\Wbem;C:\WINDOWS\System32\WindowsPowerShell\v1.0\;C:\WINDOWS\System32\OpenSSH\;C:\Program Files\Java\jdk-17\bin;C:\Tomcat\bin;C:\Program Files\nodejs\;C:\Program Files\Apache\maven\apache-maven-3.9.9\bin;C:\Program Files\Docker\Docker\resources\bin;C:\platform-tools;C:\Program Files\Git\cmd;C:\xampp\php;C:\composer;C:\Program Files\Cloudflare\Cloudflare WARP\;C:\Users\karab\.cargo\bin;C:\Users\karab\AppData\Local\Programs\Python\Python312\Scripts\;C:\Users\karab\AppData\Local\Programs\Python\Python312\;C:\Users\karab\AppData\Local\Programs\Python\Launcher\;C:\Users\karab\AppData\Local\Microsoft\WindowsApps;C:\Users\karab\AppData\Local\Microsoft\WinGet\Packages\Schniz.fnm_Microsoft.Winget.Source_8wekyb3d8bbwe;C:\Program Files (x86)\MongoDB Atlas CLI\;C:\Program Files (x86)\Nmap;C:\Users\karab\dev\flutter\bin;C:\Users\karab\AppData\Local\JetBrains\Toolbox\scripts;C:\Users\karab\AppData\Roaming\npm;C:\Users\karab\AppData\Local\Programs\cursor\resources\app\bin;C:\Users\karab\AppData\Roaming\Composer\vendor\bin;C:\Users\karab\AppData\Local\Programs\Windsurf\bin;C:\Users\karab\AppData\Local\Programs\Antigravity\bin;C:\Users\karab\AppData\Local\Programs\Kiro\bin
USERNAME=karab
LANG=en_US.UTF-8
OS=Windows_NT
PROCESSOR_IDENTIFIER=Intel64 Family 6 Model 140 Stepping 1, GenuineIntel



---------------  S Y S T E M  ---------------

OS:
 Windows 11 , 64 bit Build 26100 (10.0.26100.9168)
OS uptime: 1 days 10:45 hours
Hyper-V role detected

CPU: total 8 (initial active 8) (4 cores per cpu, 2 threads per core) family 6 model 140 stepping 1 microcode 0xa4, cx8, cmov, fxsr, ht, mmx, 3dnowpref, sse, sse2, sse3, ssse3, sse4.1, sse4.2, popcnt, lzcnt, tsc, tscinvbit, avx, avx2, aes, erms, clmul, bmi1, bmi2, adx, avx512f, avx512dq, avx512cd, avx512bw, avx512vl, sha, fma, vzeroupper, avx512_vpopcntdq, avx512_vpclmulqdq, avx512_vaes, avx512_vnni, clflush, clflushopt, clwb, avx512_vbmi2, avx512_vbmi, hv

Memory: 4k page, system-wide physical 7975M (253M free)
TotalPageFile size 32551M (AvailPageFile size 273M)
current process WorkingSet (physical memory assigned to process): 199M, peak: 206M
current process commit charge ("private bytes"): 465M, peak: 804M

vm_info: Java HotSpot(TM) 64-Bit Server VM (17.0.12+8-LTS-286) for windows-amd64 JRE (17.0.12+8-LTS-286), built on Jun  5 2024 06:46:59 by "mach5one" with MS VC++ 17.6 (VS2022)

END.
