#
# There is insufficient memory for the Java Runtime Environment to continue.
# Native memory allocation (mmap) failed to map 25165824 bytes for G1 virtual space
# Possible reasons:
#   The system is out of physical RAM or swap space
#   The process is running with CompressedOops enabled, and the Java Heap may be blocking the growth of the native heap
# Possible solutions:
#   Reduce memory load on the system
#   Increase physical memory or swap space
#   Check if swap backing store is full
#   Decrease Java heap size (-Xmx/-Xms)
#   Decrease number of Java threads
#   Decrease Java thread stack sizes (-Xss)
#   Set larger code cache with -XX:ReservedCodeCacheSize=
#   JVM is running with Unscaled Compressed Oops mode in which the Java heap is
#     placed in the first 4GB address space. The Java Heap base address is the
#     maximum limit for the native heap growth. Please use -XX:HeapBaseMinAddress
#     to set the Java Heap base and to place the Java Heap above 4GB virtual address.
# This output file may be truncated or incomplete.
#
#  Out of Memory Error (os_windows.cpp:3548), pid=19208, tid=7556
#
# JRE version: Java(TM) SE Runtime Environment (17.0.12+8) (build 17.0.12+8-LTS-286)
# Java VM: Java HotSpot(TM) 64-Bit Server VM (17.0.12+8-LTS-286, mixed mode, emulated-client, sharing, tiered, compressed oops, compressed class ptrs, g1 gc, windows-amd64)
# No core dump will be written. Minidumps are not enabled by default on client versions of Windows
#

---------------  S U M M A R Y ------------

Command Line: -XX:TieredStopAtLevel=1 com.celebstash.backend.BackendApplication

Host: 11th Gen Intel(R) Core(TM) i7-1165G7 @ 2.80GHz, 8 cores, 7G,  Windows 11 , 64 bit Build 26100 (10.0.26100.9278)
Time: Tue Sep  8 09:01:23 2026 South Africa Standard Time elapsed time: 16.372385 seconds (0d 0h 0m 16s)

---------------  T H R E A D  ---------------

Current thread (0x000002288018b9d0):  VMThread "VM Thread" [stack: 0x000000aec4b00000,0x000000aec4c00000] [id=7556]

Stack: [0x000000aec4b00000,0x000000aec4c00000]
Native frames: (J=compiled Java code, j=interpreted, Vv=VM code, C=native code)
V  [jvm.dll+0x67a04a]
V  [jvm.dll+0x7da4ed]
V  [jvm.dll+0x7dbe33]
V  [jvm.dll+0x7dc4a3]
V  [jvm.dll+0x24508f]
V  [jvm.dll+0x677089]
V  [jvm.dll+0x66bd32]
V  [jvm.dll+0x301fa6]
V  [jvm.dll+0x309546]
V  [jvm.dll+0x359d2e]
V  [jvm.dll+0x359f5f]
V  [jvm.dll+0x2d9078]
V  [jvm.dll+0x2d74ad]
V  [jvm.dll+0x2d6afc]
V  [jvm.dll+0x31a65b]
V  [jvm.dll+0x7e0d9b]
V  [jvm.dll+0x7e1ad4]
V  [jvm.dll+0x7e1fed]
V  [jvm.dll+0x7e23c4]
V  [jvm.dll+0x7e2490]
V  [jvm.dll+0x78abea]
V  [jvm.dll+0x678f35]
C  [ucrtbase.dll+0x2cd30]
C  [KERNEL32.DLL+0x2ccb7]
C  [ntdll.dll+0xacaec]

VM_Operation (0x000000aec5cf7880): G1CollectForAllocation, mode: safepoint, requested by thread 0x0000022880db4830


---------------  P R O C E S S  ---------------

Threads class SMR info:
_java_thread_list=0x00000228c6b28680, length=21, elements={
0x00000228ec3a7720, 0x000002288018fc10, 0x00000228801907d0, 0x00000228801a9c20,
0x00000228801aa5e0, 0x00000228801aafa0, 0x00000228801ab960, 0x00000228801acb70,
0x00000228801b25a0, 0x00000228803f9730, 0x00000228804119e0, 0x0000022880da1db0,
0x0000022880db4830, 0x00000228c6b2e5c0, 0x00000228c6d69f40, 0x00000228c6f29270,
0x00000228c6ed7b30, 0x0000022880176c30, 0x00000228c79b4b20, 0x00000228c7a0d020,
0x00000228c7a49300
}

Java Threads: ( => current thread )
  0x00000228ec3a7720 JavaThread "main" [_thread_blocked, id=29244, stack(0x000000aec4500000,0x000000aec4600000)]
  0x000002288018fc10 JavaThread "Reference Handler" daemon [_thread_blocked, id=22524, stack(0x000000aec4c00000,0x000000aec4d00000)]
  0x00000228801907d0 JavaThread "Finalizer" daemon [_thread_blocked, id=33548, stack(0x000000aec4d00000,0x000000aec4e00000)]
  0x00000228801a9c20 JavaThread "Signal Dispatcher" daemon [_thread_blocked, id=22904, stack(0x000000aec4e00000,0x000000aec4f00000)]
  0x00000228801aa5e0 JavaThread "Attach Listener" daemon [_thread_blocked, id=31804, stack(0x000000aec4f00000,0x000000aec5000000)]
  0x00000228801aafa0 JavaThread "Service Thread" daemon [_thread_blocked, id=33604, stack(0x000000aec5000000,0x000000aec5100000)]
  0x00000228801ab960 JavaThread "Monitor Deflation Thread" daemon [_thread_blocked, id=19616, stack(0x000000aec5100000,0x000000aec5200000)]
  0x00000228801acb70 JavaThread "C1 CompilerThread0" daemon [_thread_blocked, id=30780, stack(0x000000aec5200000,0x000000aec5300000)]
  0x00000228801b25a0 JavaThread "Sweeper thread" daemon [_thread_blocked, id=22716, stack(0x000000aec5300000,0x000000aec5400000)]
  0x00000228803f9730 JavaThread "Notification Thread" daemon [_thread_blocked, id=24564, stack(0x000000aec5400000,0x000000aec5500000)]
  0x00000228804119e0 JavaThread "Common-Cleaner" daemon [_thread_blocked, id=26936, stack(0x000000aec5600000,0x000000aec5700000)]
  0x0000022880da1db0 JavaThread "Thread-0" [_thread_blocked, id=832, stack(0x000000aec5b00000,0x000000aec5c00000)]
  0x0000022880db4830 JavaThread "restartedMain" [_thread_blocked, id=20332, stack(0x000000aec5c00000,0x000000aec5d00000)]
  0x00000228c6b2e5c0 JavaThread "C1 CompilerThread1" daemon [_thread_blocked, id=31012, stack(0x000000aec6100000,0x000000aec6200000)]
  0x00000228c6d69f40 JavaThread "C1 CompilerThread2" daemon [_thread_blocked, id=3464, stack(0x000000aec6200000,0x000000aec6300000)]
  0x00000228c6f29270 JavaThread "Catalina-utility-1" [_thread_blocked, id=8724, stack(0x000000aec6300000,0x000000aec6400000)]
  0x00000228c6ed7b30 JavaThread "Catalina-utility-2" [_thread_blocked, id=22500, stack(0x000000aec6400000,0x000000aec6500000)]
  0x0000022880176c30 JavaThread "container-0" [_thread_blocked, id=25588, stack(0x000000aec6500000,0x000000aec6600000)]
  0x00000228c79b4b20 JavaThread "PostgreSQL-JDBC-Cleaner" daemon [_thread_blocked, id=29636, stack(0x000000aec6700000,0x000000aec6800000)]
  0x00000228c7a0d020 JavaThread "HikariPool-1:housekeeper" daemon [_thread_blocked, id=19592, stack(0x000000aec6800000,0x000000aec6900000)]
  0x00000228c7a49300 JavaThread "HikariPool-1:connection-adder" daemon [_thread_blocked, id=9240, stack(0x000000aec6900000,0x000000aec6a00000)]

Other Threads:
=>0x000002288018b9d0 VMThread "VM Thread" [stack: 0x000000aec4b00000,0x000000aec4c00000] [id=7556]
  0x00000228ec428140 WatcherThread [stack: 0x000000aec5500000,0x000000aec5600000] [id=30812]
  0x00000228ec40c1d0 GCTaskThread "GC Thread#0" [stack: 0x000000aec4600000,0x000000aec4700000] [id=23196]
  0x0000022880d25370 GCTaskThread "GC Thread#1" [stack: 0x000000aec5700000,0x000000aec5800000] [id=31692]
  0x0000022880d25630 GCTaskThread "GC Thread#2" [stack: 0x000000aec5800000,0x000000aec5900000] [id=17704]
  0x0000022880d9d400 GCTaskThread "GC Thread#3" [stack: 0x000000aec5900000,0x000000aec5a00000] [id=2996]
  0x0000022880d9d6c0 GCTaskThread "GC Thread#4" [stack: 0x000000aec5a00000,0x000000aec5b00000] [id=33260]
  0x00000228c603fb40 GCTaskThread "GC Thread#5" [stack: 0x000000aec5e00000,0x000000aec5f00000] [id=30912]
  0x00000228c603fe00 GCTaskThread "GC Thread#6" [stack: 0x000000aec5f00000,0x000000aec6000000] [id=16016]
  0x00000228c60431c0 GCTaskThread "GC Thread#7" [stack: 0x000000aec6000000,0x000000aec6100000] [id=27144]
  0x00000228ec41ca60 ConcurrentGCThread "G1 Main Marker" [stack: 0x000000aec4700000,0x000000aec4800000] [id=25360]
  0x00000228ec41e140 ConcurrentGCThread "G1 Conc#0" [stack: 0x000000aec4800000,0x000000aec4900000] [id=11864]
  0x00000228c66a8a50 ConcurrentGCThread "G1 Conc#1" [stack: 0x000000aec5d00000,0x000000aec5e00000] [id=25320]
  0x00000228ec45ecd0 ConcurrentGCThread "G1 Refine#0" [stack: 0x000000aec4900000,0x000000aec4a00000] [id=29932]
  0x000002288003baf0 ConcurrentGCThread "G1 Service" [stack: 0x000000aec4a00000,0x000000aec4b00000] [id=18780]

Threads with active compile tasks:

VM state: at safepoint (normal execution)

VM Mutex/Monitor currently owned by a thread:  ([mutex/lock_event])
[0x00000228ebe8f610] Threads_lock - owner thread: 0x000002288018b9d0
[0x00000228ec3a4940] Heap_lock - owner thread: 0x0000022880db4830

Heap address: 0x0000000083600000, size: 1994 MB, Compressed Oops mode: 32-bit

CDS archive(s) mapped at: [0x0000022881000000-0x0000022881bd0000-0x0000022881bd0000), size 12386304, SharedBaseAddress: 0x0000022881000000, ArchiveRelocationMode: 1.
Compressed class space mapped at: 0x0000022882000000-0x00000228c2000000, reserved size: 1073741824
Narrow klass base: 0x0000022881000000, Narrow klass shift: 0, Narrow klass range: 0x100000000

GC Precious Log:
 CPUs: 8 total, 8 available
 Memory: 7975M
 Large Page Support: Disabled
 NUMA Support: Disabled
 Compressed Oops: Enabled (32-bit)
 Heap Region Size: 1M
 Heap Min Capacity: 8M
 Heap Initial Capacity: 126M
 Heap Max Capacity: 1994M
 Pre-touch: Disabled
 Parallel Workers: 8
 Concurrent Workers: 2
 Concurrent Refinement Workers: 8
 Periodic GC: Disabled

Heap:
 garbage-first heap   total 129024K, used 44441K [0x0000000083600000, 0x0000000100000000)
  region size 1024K, 1 young (1024K), 1 survivors (1024K)
 Metaspace       used 70534K, committed 71104K, reserved 1114112K
  class space    used 10500K, committed 10752K, reserved 1048576K

Heap Regions: E=young(eden), S=young(survivor), O=old, HS=humongous(starts), HC=humongous(continues), CS=collection set, F=free, OA=open archive, CA=closed archive, TAMS=top-at-mark-start (previous, next)
|   0|0x0000000083600000, 0x0000000083700000, 0x0000000083700000|100%|HS|  |TAMS 0x0000000083700000, 0x0000000083700000| Complete 
|   1|0x0000000083700000, 0x0000000083800000, 0x0000000083800000|100%|HS|  |TAMS 0x0000000083800000, 0x0000000083800000| Complete 
|   2|0x0000000083800000, 0x0000000083900000, 0x0000000083900000|100%| O|  |TAMS 0x0000000083900000, 0x0000000083900000| Untracked 
|   3|0x0000000083900000, 0x0000000083a00000, 0x0000000083a00000|100%| O|  |TAMS 0x0000000083a00000, 0x0000000083a00000| Untracked 
|   4|0x0000000083a00000, 0x0000000083b00000, 0x0000000083b00000|100%| O|  |TAMS 0x0000000083b00000, 0x0000000083b00000| Untracked 
|   5|0x0000000083b00000, 0x0000000083c00000, 0x0000000083c00000|100%| O|  |TAMS 0x0000000083c00000, 0x0000000083c00000| Untracked 
|   6|0x0000000083c00000, 0x0000000083d00000, 0x0000000083d00000|100%| O|  |TAMS 0x0000000083d00000, 0x0000000083d00000| Untracked 
|   7|0x0000000083d00000, 0x0000000083e00000, 0x0000000083e00000|100%| O|  |TAMS 0x0000000083e00000, 0x0000000083e00000| Untracked 
|   8|0x0000000083e00000, 0x0000000083f00000, 0x0000000083f00000|100%| O|  |TAMS 0x0000000083f00000, 0x0000000083f00000| Untracked 
|   9|0x0000000083f00000, 0x0000000084000000, 0x0000000084000000|100%| O|  |TAMS 0x0000000084000000, 0x0000000084000000| Untracked 
|  10|0x0000000084000000, 0x0000000084100000, 0x0000000084100000|100%| O|  |TAMS 0x0000000084100000, 0x0000000084100000| Untracked 
|  11|0x0000000084100000, 0x0000000084200000, 0x0000000084200000|100%| O|  |TAMS 0x0000000084200000, 0x0000000084200000| Untracked 
|  12|0x0000000084200000, 0x0000000084300000, 0x0000000084300000|100%| O|  |TAMS 0x0000000084300000, 0x0000000084300000| Untracked 
|  13|0x0000000084300000, 0x0000000084400000, 0x0000000084400000|100%| O|  |TAMS 0x0000000084400000, 0x0000000084400000| Untracked 
|  14|0x0000000084400000, 0x0000000084500000, 0x0000000084500000|100%| O|  |TAMS 0x0000000084500000, 0x0000000084500000| Untracked 
|  15|0x0000000084500000, 0x0000000084600000, 0x0000000084600000|100%| O|  |TAMS 0x0000000084600000, 0x0000000084600000| Untracked 
|  16|0x0000000084600000, 0x0000000084700000, 0x0000000084700000|100%| O|  |TAMS 0x0000000084700000, 0x0000000084700000| Untracked 
|  17|0x0000000084700000, 0x0000000084800000, 0x0000000084800000|100%| O|  |TAMS 0x0000000084800000, 0x0000000084800000| Untracked 
|  18|0x0000000084800000, 0x00000000848c7800, 0x0000000084900000| 77%| O|  |TAMS 0x00000000848c7800, 0x00000000848c7800| Untracked 
|  19|0x0000000084900000, 0x0000000084a00000, 0x0000000084a00000|100%| O|  |TAMS 0x0000000084a00000, 0x0000000084a00000| Untracked 
|  20|0x0000000084a00000, 0x0000000084b00000, 0x0000000084b00000|100%| O|  |TAMS 0x0000000084b00000, 0x0000000084b00000| Untracked 
|  21|0x0000000084b00000, 0x0000000084c00000, 0x0000000084c00000|100%| O|  |TAMS 0x0000000084c00000, 0x0000000084c00000| Untracked 
|  22|0x0000000084c00000, 0x0000000084c00000, 0x0000000084d00000|  0%| F|  |TAMS 0x0000000084c00000, 0x0000000084c00000| Untracked 
|  23|0x0000000084d00000, 0x0000000084e00000, 0x0000000084e00000|100%| O|  |TAMS 0x0000000084e00000, 0x0000000084e00000| Untracked 
|  24|0x0000000084e00000, 0x0000000084f00000, 0x0000000084f00000|100%| O|  |TAMS 0x0000000084f00000, 0x0000000084f00000| Untracked 
|  25|0x0000000084f00000, 0x0000000085000000, 0x0000000085000000|100%| O|  |TAMS 0x0000000085000000, 0x0000000085000000| Untracked 
|  26|0x0000000085000000, 0x0000000085100000, 0x0000000085100000|100%| O|  |TAMS 0x0000000085100000, 0x0000000085100000| Untracked 
|  27|0x0000000085100000, 0x0000000085200000, 0x0000000085200000|100%| O|  |TAMS 0x0000000085200000, 0x0000000085200000| Untracked 
|  28|0x0000000085200000, 0x0000000085300000, 0x0000000085300000|100%| O|  |TAMS 0x0000000085300000, 0x0000000085300000| Untracked 
|  29|0x0000000085300000, 0x0000000085400000, 0x0000000085400000|100%| O|  |TAMS 0x0000000085400000, 0x0000000085400000| Untracked 
|  30|0x0000000085400000, 0x0000000085500000, 0x0000000085500000|100%| O|  |TAMS 0x0000000085500000, 0x0000000085500000| Untracked 
|  31|0x0000000085500000, 0x0000000085600000, 0x0000000085600000|100%| O|  |TAMS 0x0000000085600000, 0x0000000085600000| Untracked 
|  32|0x0000000085600000, 0x0000000085700000, 0x0000000085700000|100%| O|  |TAMS 0x0000000085700000, 0x0000000085700000| Untracked 
|  33|0x0000000085700000, 0x0000000085800000, 0x0000000085800000|100%| O|  |TAMS 0x0000000085800000, 0x0000000085800000| Untracked 
|  34|0x0000000085800000, 0x0000000085900000, 0x0000000085900000|100%| O|  |TAMS 0x0000000085900000, 0x0000000085900000| Untracked 
|  35|0x0000000085900000, 0x0000000085a00000, 0x0000000085a00000|100%| O|  |TAMS 0x0000000085a00000, 0x0000000085a00000| Untracked 
|  36|0x0000000085a00000, 0x0000000085b00000, 0x0000000085b00000|100%| O|  |TAMS 0x0000000085b00000, 0x0000000085b00000| Untracked 
|  37|0x0000000085b00000, 0x0000000085c00000, 0x0000000085c00000|100%| O|  |TAMS 0x0000000085b44c00, 0x0000000085c00000| Untracked 
|  38|0x0000000085c00000, 0x0000000085d00000, 0x0000000085d00000|100%| O|  |TAMS 0x0000000085c00000, 0x0000000085d00000| Untracked 
|  39|0x0000000085d00000, 0x0000000085e00000, 0x0000000085e00000|100%| O|  |TAMS 0x0000000085d00000, 0x0000000085e00000| Untracked 
|  40|0x0000000085e00000, 0x0000000085f00000, 0x0000000085f00000|100%| O|  |TAMS 0x0000000085e00000, 0x0000000085f00000| Untracked 
|  41|0x0000000085f00000, 0x0000000086000000, 0x0000000086000000|100%| O|  |TAMS 0x0000000085f00000, 0x0000000086000000| Untracked 
|  42|0x0000000086000000, 0x0000000086100000, 0x0000000086100000|100%| O|  |TAMS 0x0000000086000000, 0x0000000086100000| Untracked 
|  43|0x0000000086100000, 0x0000000086200000, 0x0000000086200000|100%| O|  |TAMS 0x0000000086100000, 0x0000000086200000| Untracked 
|  44|0x0000000086200000, 0x0000000086227800, 0x0000000086300000| 15%| O|  |TAMS 0x0000000086200000, 0x0000000086227800| Untracked 
|  45|0x0000000086300000, 0x0000000086300000, 0x0000000086400000|  0%| F|  |TAMS 0x0000000086300000, 0x0000000086300000| Untracked 
|  46|0x0000000086400000, 0x0000000086400000, 0x0000000086500000|  0%| F|  |TAMS 0x0000000086400000, 0x0000000086400000| Untracked 
|  47|0x0000000086500000, 0x0000000086500000, 0x0000000086600000|  0%| F|  |TAMS 0x0000000086500000, 0x0000000086500000| Untracked 
|  48|0x0000000086600000, 0x0000000086600000, 0x0000000086700000|  0%| F|  |TAMS 0x0000000086600000, 0x0000000086600000| Untracked 
|  49|0x0000000086700000, 0x0000000086700000, 0x0000000086800000|  0%| F|  |TAMS 0x0000000086700000, 0x0000000086700000| Untracked 
|  50|0x0000000086800000, 0x0000000086800000, 0x0000000086900000|  0%| F|  |TAMS 0x0000000086800000, 0x0000000086800000| Untracked 
|  51|0x0000000086900000, 0x0000000086900000, 0x0000000086a00000|  0%| F|  |TAMS 0x0000000086900000, 0x0000000086900000| Untracked 
|  52|0x0000000086a00000, 0x0000000086a00000, 0x0000000086b00000|  0%| F|  |TAMS 0x0000000086a00000, 0x0000000086a00000| Untracked 
|  53|0x0000000086b00000, 0x0000000086b00000, 0x0000000086c00000|  0%| F|  |TAMS 0x0000000086b00000, 0x0000000086b00000| Untracked 
|  54|0x0000000086c00000, 0x0000000086c00000, 0x0000000086d00000|  0%| F|  |TAMS 0x0000000086c00000, 0x0000000086c00000| Untracked 
|  55|0x0000000086d00000, 0x0000000086d777f8, 0x0000000086e00000| 46%| S|CS|TAMS 0x0000000086d00000, 0x0000000086d00000| Complete 
|  56|0x0000000086e00000, 0x0000000086e00000, 0x0000000086f00000|  0%| F|  |TAMS 0x0000000086e00000, 0x0000000086e00000| Untracked 
|  57|0x0000000086f00000, 0x0000000086f00000, 0x0000000087000000|  0%| F|  |TAMS 0x0000000086f00000, 0x0000000086f00000| Untracked 
|  58|0x0000000087000000, 0x0000000087000000, 0x0000000087100000|  0%| F|  |TAMS 0x0000000087000000, 0x0000000087000000| Untracked 
|  59|0x0000000087100000, 0x0000000087100000, 0x0000000087200000|  0%| F|  |TAMS 0x0000000087100000, 0x0000000087100000| Untracked 
|  60|0x0000000087200000, 0x0000000087200000, 0x0000000087300000|  0%| F|  |TAMS 0x0000000087200000, 0x0000000087200000| Untracked 
|  61|0x0000000087300000, 0x0000000087300000, 0x0000000087400000|  0%| F|  |TAMS 0x0000000087300000, 0x0000000087300000| Untracked 
|  62|0x0000000087400000, 0x0000000087400000, 0x0000000087500000|  0%| F|  |TAMS 0x0000000087400000, 0x0000000087400000| Untracked 
|  63|0x0000000087500000, 0x0000000087500000, 0x0000000087600000|  0%| F|  |TAMS 0x0000000087500000, 0x0000000087500000| Untracked 
|  64|0x0000000087600000, 0x0000000087600000, 0x0000000087700000|  0%| F|  |TAMS 0x0000000087600000, 0x0000000087600000| Untracked 
|  65|0x0000000087700000, 0x0000000087700000, 0x0000000087800000|  0%| F|  |TAMS 0x0000000087700000, 0x0000000087700000| Untracked 
|  66|0x0000000087800000, 0x0000000087800000, 0x0000000087900000|  0%| F|  |TAMS 0x0000000087800000, 0x0000000087800000| Untracked 
|  67|0x0000000087900000, 0x0000000087900000, 0x0000000087a00000|  0%| F|  |TAMS 0x0000000087900000, 0x0000000087900000| Untracked 
|  68|0x0000000087a00000, 0x0000000087a00000, 0x0000000087b00000|  0%| F|  |TAMS 0x0000000087a00000, 0x0000000087a00000| Untracked 
|  69|0x0000000087b00000, 0x0000000087b00000, 0x0000000087c00000|  0%| F|  |TAMS 0x0000000087b00000, 0x0000000087b00000| Untracked 
|  70|0x0000000087c00000, 0x0000000087c00000, 0x0000000087d00000|  0%| F|  |TAMS 0x0000000087c00000, 0x0000000087c00000| Untracked 
|  71|0x0000000087d00000, 0x0000000087d00000, 0x0000000087e00000|  0%| F|  |TAMS 0x0000000087d00000, 0x0000000087d00000| Untracked 
|  72|0x0000000087e00000, 0x0000000087e00000, 0x0000000087f00000|  0%| F|  |TAMS 0x0000000087e00000, 0x0000000087e00000| Untracked 
|  73|0x0000000087f00000, 0x0000000087f00000, 0x0000000088000000|  0%| F|  |TAMS 0x0000000087f00000, 0x0000000087f00000| Untracked 
|  74|0x0000000088000000, 0x0000000088000000, 0x0000000088100000|  0%| F|  |TAMS 0x0000000088000000, 0x0000000088000000| Untracked 
|  75|0x0000000088100000, 0x0000000088100000, 0x0000000088200000|  0%| F|  |TAMS 0x0000000088100000, 0x0000000088100000| Untracked 
|  76|0x0000000088200000, 0x0000000088200000, 0x0000000088300000|  0%| F|  |TAMS 0x0000000088200000, 0x0000000088200000| Untracked 
|  77|0x0000000088300000, 0x0000000088300000, 0x0000000088400000|  0%| F|  |TAMS 0x0000000088300000, 0x0000000088300000| Untracked 
|  78|0x0000000088400000, 0x0000000088400000, 0x0000000088500000|  0%| F|  |TAMS 0x0000000088400000, 0x0000000088400000| Untracked 
|  79|0x0000000088500000, 0x0000000088500000, 0x0000000088600000|  0%| F|  |TAMS 0x0000000088500000, 0x0000000088500000| Untracked 
|  80|0x0000000088600000, 0x0000000088600000, 0x0000000088700000|  0%| F|  |TAMS 0x0000000088600000, 0x0000000088600000| Untracked 
|  81|0x0000000088700000, 0x0000000088700000, 0x0000000088800000|  0%| F|  |TAMS 0x0000000088700000, 0x0000000088700000| Untracked 
|  82|0x0000000088800000, 0x0000000088800000, 0x0000000088900000|  0%| F|  |TAMS 0x0000000088800000, 0x0000000088800000| Untracked 
|  83|0x0000000088900000, 0x0000000088900000, 0x0000000088a00000|  0%| F|  |TAMS 0x0000000088900000, 0x0000000088900000| Untracked 
|  84|0x0000000088a00000, 0x0000000088a00000, 0x0000000088b00000|  0%| F|  |TAMS 0x0000000088a00000, 0x0000000088a00000| Untracked 
|  85|0x0000000088b00000, 0x0000000088b00000, 0x0000000088c00000|  0%| F|  |TAMS 0x0000000088b00000, 0x0000000088b00000| Untracked 
|  86|0x0000000088c00000, 0x0000000088c00000, 0x0000000088d00000|  0%| F|  |TAMS 0x0000000088c00000, 0x0000000088c00000| Untracked 
|  87|0x0000000088d00000, 0x0000000088d00000, 0x0000000088e00000|  0%| F|  |TAMS 0x0000000088d00000, 0x0000000088d00000| Untracked 
|  88|0x0000000088e00000, 0x0000000088e00000, 0x0000000088f00000|  0%| F|  |TAMS 0x0000000088e00000, 0x0000000088e00000| Untracked 
|  89|0x0000000088f00000, 0x0000000088f00000, 0x0000000089000000|  0%| F|  |TAMS 0x0000000088f00000, 0x0000000088f00000| Untracked 
|  90|0x0000000089000000, 0x0000000089000000, 0x0000000089100000|  0%| F|  |TAMS 0x0000000089000000, 0x0000000089000000| Untracked 
|  91|0x0000000089100000, 0x0000000089100000, 0x0000000089200000|  0%| F|  |TAMS 0x0000000089100000, 0x0000000089100000| Untracked 
|  92|0x0000000089200000, 0x0000000089200000, 0x0000000089300000|  0%| F|  |TAMS 0x0000000089200000, 0x0000000089200000| Untracked 
|  93|0x0000000089300000, 0x0000000089300000, 0x0000000089400000|  0%| F|  |TAMS 0x0000000089300000, 0x0000000089300000| Untracked 
|  94|0x0000000089400000, 0x0000000089400000, 0x0000000089500000|  0%| F|  |TAMS 0x0000000089400000, 0x0000000089400000| Untracked 
|  95|0x0000000089500000, 0x0000000089500000, 0x0000000089600000|  0%| F|  |TAMS 0x0000000089500000, 0x0000000089500000| Untracked 
|  96|0x0000000089600000, 0x0000000089600000, 0x0000000089700000|  0%| F|  |TAMS 0x0000000089600000, 0x0000000089600000| Untracked 
|  97|0x0000000089700000, 0x0000000089700000, 0x0000000089800000|  0%| F|  |TAMS 0x0000000089700000, 0x0000000089700000| Untracked 
|  98|0x0000000089800000, 0x0000000089800000, 0x0000000089900000|  0%| F|  |TAMS 0x0000000089800000, 0x0000000089800000| Untracked 
|  99|0x0000000089900000, 0x0000000089900000, 0x0000000089a00000|  0%| F|  |TAMS 0x0000000089900000, 0x0000000089900000| Untracked 
| 100|0x0000000089a00000, 0x0000000089a00000, 0x0000000089b00000|  0%| F|  |TAMS 0x0000000089a00000, 0x0000000089a00000| Untracked 
| 101|0x0000000089b00000, 0x0000000089b00000, 0x0000000089c00000|  0%| F|  |TAMS 0x0000000089b00000, 0x0000000089b00000| Untracked 
| 102|0x0000000089c00000, 0x0000000089c00000, 0x0000000089d00000|  0%| F|  |TAMS 0x0000000089c00000, 0x0000000089c00000| Untracked 
| 103|0x0000000089d00000, 0x0000000089d00000, 0x0000000089e00000|  0%| F|  |TAMS 0x0000000089d00000, 0x0000000089d00000| Untracked 
| 104|0x0000000089e00000, 0x0000000089e00000, 0x0000000089f00000|  0%| F|  |TAMS 0x0000000089e00000, 0x0000000089e00000| Untracked 
| 105|0x0000000089f00000, 0x0000000089f00000, 0x000000008a000000|  0%| F|  |TAMS 0x0000000089f00000, 0x0000000089f00000| Untracked 
| 106|0x000000008a000000, 0x000000008a000000, 0x000000008a100000|  0%| F|  |TAMS 0x000000008a000000, 0x000000008a000000| Untracked 
| 107|0x000000008a100000, 0x000000008a100000, 0x000000008a200000|  0%| F|  |TAMS 0x000000008a100000, 0x000000008a100000| Untracked 
| 108|0x000000008a200000, 0x000000008a200000, 0x000000008a300000|  0%| F|  |TAMS 0x000000008a200000, 0x000000008a200000| Untracked 
| 109|0x000000008a300000, 0x000000008a300000, 0x000000008a400000|  0%| F|  |TAMS 0x000000008a300000, 0x000000008a300000| Untracked 
| 110|0x000000008a400000, 0x000000008a400000, 0x000000008a500000|  0%| F|  |TAMS 0x000000008a400000, 0x000000008a400000| Untracked 
| 111|0x000000008a500000, 0x000000008a500000, 0x000000008a600000|  0%| F|  |TAMS 0x000000008a500000, 0x000000008a500000| Untracked 
| 112|0x000000008a600000, 0x000000008a600000, 0x000000008a700000|  0%| F|  |TAMS 0x000000008a600000, 0x000000008a600000| Untracked 
| 113|0x000000008a700000, 0x000000008a700000, 0x000000008a800000|  0%| F|  |TAMS 0x000000008a700000, 0x000000008a700000| Untracked 
| 114|0x000000008a800000, 0x000000008a800000, 0x000000008a900000|  0%| F|  |TAMS 0x000000008a800000, 0x000000008a800000| Untracked 
| 115|0x000000008a900000, 0x000000008a900000, 0x000000008aa00000|  0%| F|  |TAMS 0x000000008a900000, 0x000000008a900000| Untracked 
| 116|0x000000008aa00000, 0x000000008aa00000, 0x000000008ab00000|  0%| F|  |TAMS 0x000000008aa00000, 0x000000008aa00000| Untracked 
| 117|0x000000008ab00000, 0x000000008ab00000, 0x000000008ac00000|  0%| F|  |TAMS 0x000000008ab00000, 0x000000008ab00000| Untracked 
| 118|0x000000008ac00000, 0x000000008ac00000, 0x000000008ad00000|  0%| F|  |TAMS 0x000000008ac00000, 0x000000008ac00000| Untracked 
| 119|0x000000008ad00000, 0x000000008ad00000, 0x000000008ae00000|  0%| F|  |TAMS 0x000000008ad00000, 0x000000008ad00000| Untracked 
| 120|0x000000008ae00000, 0x000000008ae00000, 0x000000008af00000|  0%| F|  |TAMS 0x000000008ae00000, 0x000000008ae00000| Untracked 
| 121|0x000000008af00000, 0x000000008af00000, 0x000000008b000000|  0%| F|  |TAMS 0x000000008af00000, 0x000000008af00000| Untracked 
| 122|0x000000008b000000, 0x000000008b000000, 0x000000008b100000|  0%| F|  |TAMS 0x000000008b000000, 0x000000008b000000| Untracked 
| 123|0x000000008b100000, 0x000000008b100000, 0x000000008b200000|  0%| F|  |TAMS 0x000000008b100000, 0x000000008b100000| Untracked 
| 124|0x000000008b200000, 0x000000008b200000, 0x000000008b300000|  0%| F|  |TAMS 0x000000008b200000, 0x000000008b200000| Untracked 
| 125|0x000000008b300000, 0x000000008b300000, 0x000000008b400000|  0%| F|  |TAMS 0x000000008b300000, 0x000000008b300000| Untracked 

Card table byte_map: [0x00000228f8ef0000,0x00000228f92e0000] _byte_map_base: 0x00000228f8ad5000

Marking Bits (Prev, Next): (CMBitMap*) 0x00000228ec40c7f0, (CMBitMap*) 0x00000228ec40c830
 Prev Bits: [0x00000228f96d0000, 0x00000228fb5f8000)
 Next Bits: [0x00000228fb600000, 0x00000228fd528000)

Polling page: 0x00000228ec100000

Metaspace:

Usage:
  Non-class:     58.63 MB used.
      Class:     10.25 MB used.
       Both:     68.88 MB used.

Virtual space:
  Non-class space:       64.00 MB reserved,      58.94 MB ( 92%) committed,  1 nodes.
      Class space:        1.00 GB reserved,      10.50 MB (  1%) committed,  1 nodes.
             Both:        1.06 GB reserved,      69.44 MB (  6%) committed. 

Chunk freelists:
   Non-Class:  4.83 MB
       Class:  5.44 MB
        Both:  10.27 MB

MaxMetaspaceSize: unlimited
CompressedClassSpaceSize: 1.00 GB
Initial GC threshold: 21.00 MB
Current GC threshold: 111.69 MB
CDS: on
MetaspaceReclaimPolicy: balanced
 - commit_granule_bytes: 65536.
 - commit_granule_words: 8192.
 - virtual_space_node_default_size: 8388608.
 - enlarge_chunks_in_place: 1.
 - new_chunks_are_fully_committed: 0.
 - uncommit_free_chunks: 1.
 - use_allocation_guard: 0.
 - handle_deallocations: 1.


Internal statistics:

num_allocs_failed_limit: 9.
num_arena_births: 856.
num_arena_deaths: 0.
num_vsnodes_births: 2.
num_vsnodes_deaths: 0.
num_space_committed: 1111.
num_space_uncommitted: 0.
num_chunks_returned_to_freelist: 9.
num_chunks_taken_from_freelist: 3602.
num_chunk_merges: 9.
num_chunk_splits: 2615.
num_chunks_enlarged: 2050.
num_inconsistent_stats: 0.

CodeCache: size=49152Kb used=14700Kb max_used=14700Kb free=34451Kb
 bounds [0x00000228f5270000, 0x00000228f60d0000, 0x00000228f8270000]
 total_blobs=8621 nmethods=7960 adapters=585
 compilation: enabled
              stopped_count=0, restarted_count=0
 full_count=0

Compilation events (20 events):
Event: 16.330 Thread 0x00000228c6d69f40 nmethod 7951 0x00000228f60c5d10 code [0x00000228f60c5ea0, 0x00000228f60c5f78]
Event: 16.330 Thread 0x00000228c6d69f40 7952       1       org.antlr.v4.runtime.misc.Array2DHashSet::expand (247 bytes)
Event: 16.330 Thread 0x00000228c6b2e5c0 7953       1       org.antlr.v4.runtime.CodePointCharStream::index (5 bytes)
Event: 16.330 Thread 0x00000228c6b2e5c0 nmethod 7953 0x00000228f60c6010 code [0x00000228f60c61a0, 0x00000228f60c6278]
Event: 16.331 Thread 0x00000228801acb70 nmethod 7950 0x00000228f60c6310 code [0x00000228f60c66c0, 0x00000228f60c7728]
Event: 16.331 Thread 0x00000228c6d69f40 nmethod 7952 0x00000228f60c8190 code [0x00000228f60c83c0, 0x00000228f60c8b98]
Event: 16.331 Thread 0x00000228c6d69f40 7954       1       org.antlr.v4.runtime.Recognizer::setState (6 bytes)
Event: 16.331 Thread 0x00000228c6d69f40 nmethod 7954 0x00000228f60c9010 code [0x00000228f60c91a0, 0x00000228f60c9278]
Event: 16.334 Thread 0x00000228801acb70 7955       1       org.antlr.v4.runtime.atn.ATNConfigSet::iterator (8 bytes)
Event: 16.335 Thread 0x00000228801acb70 nmethod 7955 0x00000228f60c9310 code [0x00000228f60c94a0, 0x00000228f60c9638]
Event: 16.343 Thread 0x00000228801acb70 7956       1       org.antlr.v4.runtime.atn.ATNConfigSet::<init> (44 bytes)
Event: 16.343 Thread 0x00000228c6b2e5c0 7957       1       org.antlr.v4.runtime.atn.ATNConfigSet$ConfigHashSet::<init> (8 bytes)
Event: 16.343 Thread 0x00000228c6b2e5c0 nmethod 7957 0x00000228f60c9710 code [0x00000228f60c98a0, 0x00000228f60c9988]
Event: 16.343 Thread 0x00000228801acb70 nmethod 7956 0x00000228f60c9a90 code [0x00000228f60c9c40, 0x00000228f60c9f38]
Event: 16.345 Thread 0x00000228c6d69f40 7958       1       org.antlr.v4.runtime.misc.FlexibleHashMap::expand (151 bytes)
Event: 16.345 Thread 0x00000228801acb70 7959       1       org.antlr.v4.runtime.misc.FlexibleHashMap::size (5 bytes)
Event: 16.345 Thread 0x00000228801acb70 nmethod 7959 0x00000228f60ca090 code [0x00000228f60ca220, 0x00000228f60ca2f8]
Event: 16.345 Thread 0x00000228c6d69f40 nmethod 7958 0x00000228f60ca390 code [0x00000228f60ca5a0, 0x00000228f60caad8]
Event: 16.346 Thread 0x00000228c6b2e5c0 7960       1       org.antlr.v4.runtime.atn.ParserATNSimulator::closure (44 bytes)
Event: 16.346 Thread 0x00000228c6b2e5c0 nmethod 7960 0x00000228f60cae10 code [0x00000228f60cafa0, 0x00000228f60cb0a8]

GC Heap History (20 events):
Event: 12.139 GC heap after
{Heap after GC invocations=15 (full 0):
 garbage-first heap   total 75776K, used 34658K [0x0000000083600000, 0x0000000100000000)
  region size 1024K, 3 young (3072K), 3 survivors (3072K)
 Metaspace       used 49497K, committed 50048K, reserved 1114112K
  class space    used 7097K, committed 7360K, reserved 1048576K
}
Event: 13.221 GC heap before
{Heap before GC invocations=15 (full 0):
 garbage-first heap   total 75776K, used 59234K [0x0000000083600000, 0x0000000100000000)
  region size 1024K, 28 young (28672K), 3 survivors (3072K)
 Metaspace       used 53253K, committed 53760K, reserved 1114112K
  class space    used 7616K, committed 7872K, reserved 1048576K
}
Event: 13.230 GC heap after
{Heap after GC invocations=16 (full 0):
 garbage-first heap   total 75776K, used 37318K [0x0000000083600000, 0x0000000100000000)
  region size 1024K, 4 young (4096K), 4 survivors (4096K)
 Metaspace       used 53253K, committed 53760K, reserved 1114112K
  class space    used 7616K, committed 7872K, reserved 1048576K
}
Event: 13.728 GC heap before
{Heap before GC invocations=16 (full 0):
 garbage-first heap   total 75776K, used 59846K [0x0000000083600000, 0x0000000100000000)
  region size 1024K, 27 young (27648K), 4 survivors (4096K)
 Metaspace       used 55938K, committed 56448K, reserved 1114112K
  class space    used 7998K, committed 8256K, reserved 1048576K
}
Event: 13.735 GC heap after
{Heap after GC invocations=17 (full 0):
 garbage-first heap   total 75776K, used 38449K [0x0000000083600000, 0x0000000100000000)
  region size 1024K, 2 young (2048K), 2 survivors (2048K)
 Metaspace       used 55938K, committed 56448K, reserved 1114112K
  class space    used 7998K, committed 8256K, reserved 1048576K
}
Event: 14.461 GC heap before
{Heap before GC invocations=17 (full 0):
 garbage-first heap   total 75776K, used 60977K [0x0000000083600000, 0x0000000100000000)
  region size 1024K, 24 young (24576K), 2 survivors (2048K)
 Metaspace       used 61327K, committed 61888K, reserved 1114112K
  class space    used 8913K, committed 9216K, reserved 1048576K
}
Event: 14.463 GC heap after
{Heap after GC invocations=18 (full 0):
 garbage-first heap   total 75776K, used 38763K [0x0000000083600000, 0x0000000100000000)
  region size 1024K, 2 young (2048K), 2 survivors (2048K)
 Metaspace       used 61327K, committed 61888K, reserved 1114112K
  class space    used 8913K, committed 9216K, reserved 1048576K
}
Event: 14.683 GC heap before
{Heap before GC invocations=19 (full 0):
 garbage-first heap   total 75776K, used 61291K [0x0000000083600000, 0x0000000100000000)
  region size 1024K, 24 young (24576K), 2 survivors (2048K)
 Metaspace       used 61525K, committed 62080K, reserved 1114112K
  class space    used 8943K, committed 9216K, reserved 1048576K
}
Event: 14.685 GC heap after
{Heap after GC invocations=20 (full 0):
 garbage-first heap   total 75776K, used 39042K [0x0000000083600000, 0x0000000100000000)
  region size 1024K, 2 young (2048K), 2 survivors (2048K)
 Metaspace       used 61525K, committed 62080K, reserved 1114112K
  class space    used 8943K, committed 9216K, reserved 1048576K
}
Event: 14.852 GC heap before
{Heap before GC invocations=20 (full 0):
 garbage-first heap   total 75776K, used 62594K [0x0000000083600000, 0x0000000100000000)
  region size 1024K, 25 young (25600K), 2 survivors (2048K)
 Metaspace       used 61711K, committed 62272K, reserved 1114112K
  class space    used 8974K, committed 9280K, reserved 1048576K
}
Event: 14.855 GC heap after
{Heap after GC invocations=21 (full 0):
 garbage-first heap   total 75776K, used 39500K [0x0000000083600000, 0x0000000100000000)
  region size 1024K, 3 young (3072K), 3 survivors (3072K)
 Metaspace       used 61711K, committed 62272K, reserved 1114112K
  class space    used 8974K, committed 9280K, reserved 1048576K
}
Event: 15.386 GC heap before
{Heap before GC invocations=22 (full 0):
 garbage-first heap   total 76800K, used 62028K [0x0000000083600000, 0x0000000100000000)
  region size 1024K, 25 young (25600K), 3 survivors (3072K)
 Metaspace       used 65016K, committed 65536K, reserved 1114112K
  class space    used 9537K, committed 9792K, reserved 1048576K
}
Event: 15.389 GC heap after
{Heap after GC invocations=23 (full 0):
 garbage-first heap   total 76800K, used 40812K [0x0000000083600000, 0x0000000100000000)
  region size 1024K, 3 young (3072K), 3 survivors (3072K)
 Metaspace       used 65016K, committed 65536K, reserved 1114112K
  class space    used 9537K, committed 9792K, reserved 1048576K
}
Event: 15.837 GC heap before
{Heap before GC invocations=23 (full 0):
 garbage-first heap   total 76800K, used 63340K [0x0000000083600000, 0x0000000100000000)
  region size 1024K, 25 young (25600K), 3 survivors (3072K)
 Metaspace       used 67502K, committed 68160K, reserved 1114112K
  class space    used 9935K, committed 10240K, reserved 1048576K
}
Event: 15.845 GC heap after
{Heap after GC invocations=24 (full 0):
 garbage-first heap   total 76800K, used 42973K [0x0000000083600000, 0x0000000100000000)
  region size 1024K, 4 young (4096K), 4 survivors (4096K)
 Metaspace       used 67502K, committed 68160K, reserved 1114112K
  class space    used 9935K, committed 10240K, reserved 1048576K
}
Event: 16.281 GC heap before
{Heap before GC invocations=25 (full 0):
 garbage-first heap   total 76800K, used 63453K [0x0000000083600000, 0x0000000100000000)
  region size 1024K, 24 young (24576K), 4 survivors (4096K)
 Metaspace       used 70524K, committed 71104K, reserved 1114112K
  class space    used 10500K, committed 10752K, reserved 1048576K
}
Event: 16.288 GC heap after
{Heap after GC invocations=26 (full 0):
 garbage-first heap   total 76800K, used 44704K [0x0000000083600000, 0x0000000100000000)
  region size 1024K, 2 young (2048K), 2 survivors (2048K)
 Metaspace       used 70524K, committed 71104K, reserved 1114112K
  class space    used 10500K, committed 10752K, reserved 1048576K
}
Event: 16.293 GC heap before
{Heap before GC invocations=26 (full 0):
 garbage-first heap   total 76800K, used 45728K [0x0000000083600000, 0x0000000100000000)
  region size 1024K, 3 young (3072K), 2 survivors (2048K)
 Metaspace       used 70524K, committed 71104K, reserved 1114112K
  class space    used 10500K, committed 10752K, reserved 1048576K
}
Event: 16.296 GC heap after
{Heap after GC invocations=27 (full 0):
 garbage-first heap   total 76800K, used 44159K [0x0000000083600000, 0x0000000100000000)
  region size 1024K, 1 young (1024K), 1 survivors (1024K)
 Metaspace       used 70524K, committed 71104K, reserved 1114112K
  class space    used 10500K, committed 10752K, reserved 1048576K
}
Event: 16.347 GC heap before
{Heap before GC invocations=27 (full 0):
 garbage-first heap   total 76800K, used 62591K [0x0000000083600000, 0x0000000100000000)
  region size 1024K, 19 young (19456K), 1 survivors (1024K)
 Metaspace       used 70534K, committed 71104K, reserved 1114112K
  class space    used 10500K, committed 10752K, reserved 1048576K
}

Deoptimization events (4 events):
Event: 10.439 Thread 0x0000022880db4830 DEOPT PACKING pc=0x00000228f5619b81 sp=0x000000aec5cfdd40
Event: 10.439 Thread 0x0000022880db4830 DEOPT UNPACKING pc=0x00000228f52c66e3 sp=0x000000aec5cfd1d0 mode 3
Event: 10.440 Thread 0x00000228c6f29270 DEOPT PACKING pc=0x00000228f56b1c17 sp=0x000000aec63ff240
Event: 10.440 Thread 0x00000228c6f29270 DEOPT UNPACKING pc=0x00000228f52c66e3 sp=0x000000aec63fe698 mode 3

Classes unloaded (0 events):
No events

Classes redefined (0 events):
No events

Internal exceptions (20 events):
Event: 15.216 Thread 0x0000022880db4830 Exception <a 'java/lang/NoSuchMethodError'{0x00000000872e3050}: 'java.lang.Object java.lang.invoke.DirectMethodHandle$Holder.newInvokeSpecial(java.lang.Object, java.lang.Object, int)'> (0x00000000872e3050) 
thrown [s\open\src\hotspot\share\interpreter\linkResolver.cpp, line 759]
Event: 15.255 Thread 0x0000022880db4830 Exception <a 'java/lang/NoSuchMethodError'{0x0000000087069310}: 'java.lang.Object java.lang.invoke.DirectMethodHandle$Holder.newInvokeSpecial(java.lang.Object, java.lang.Object, java.lang.Object, java.lang.Object, java.lang.Object, int, java.lang.Object)'> (0x0000000087069310) 
thrown [s\open\src\hotspot\share\interpreter\linkResolver.cpp, line 759]
Event: 15.263 Thread 0x0000022880db4830 Exception <a 'java/lang/NoSuchMethodError'{0x00000000870a2fb0}: 'java.lang.Object java.lang.invoke.DirectMethodHandle$Holder.newInvokeSpecial(java.lang.Object, java.lang.Object, java.lang.Object, java.lang.Object, java.lang.Object, java.lang.Object, java.lang.Object, java.lang.Object, java.lang.Object, java.lang.Object, java.lang.Object, java.lang.Object)'> (0x00000000870a2fb0) 
thrown [s\open\src\hotspot\share\interpreter\linkResolver.cpp, line 759]
Event: 15.263 Thread 0x0000022880db4830 Exception <a 'java/lang/NoSuchMethodError'{0x00000000870a7a48}: 'java.lang.Object java.lang.invoke.DirectMethodHandle$Holder.invokeSpecial(java.lang.Object, java.lang.Object, java.lang.Object, java.lang.Object, java.lang.Object, java.lang.Object, java.lang.Object, java.lang.Object, java.lang.Object, java.lang.Object, java.lang.Object, java.lang.Object, java.lang.Object)'> (0x00000000870a7a48) 
thrown [s\open\src\hotspot\share\interpreter\linkResolver.cpp, line 759]
Event: 15.264 Thread 0x0000022880db4830 Exception <a 'java/lang/NoSuchMethodError'{0x00000000870ac160}: 'java.lang.Object java.lang.invoke.Invokers$Holder.linkToTargetMethod(java.lang.Object, java.lang.Object, java.lang.Object, java.lang.Object, java.lang.Object, java.lang.Object, java.lang.Object, java.lang.Object, java.lang.Object, java.lang.Object, java.lang.Object, java.lang.Object)'> (0x00000000870ac160) 
thrown [s\open\src\hotspot\share\interpreter\linkResolver.cpp, line 759]
Event: 15.322 Thread 0x0000022880db4830 Exception <a 'java/lang/IncompatibleClassChangeError'{0x0000000086d86648}: Found class java.lang.Object, but interface was expected> (0x0000000086d86648) 
thrown [s\open\src\hotspot\share\interpreter\linkResolver.cpp, line 826]
Event: 15.336 Thread 0x0000022880db4830 Exception <a 'java/lang/NoSuchMethodError'{0x0000000086c1c850}: 'java.lang.Object java.lang.invoke.DirectMethodHandle$Holder.newInvokeSpecial(java.lang.Object, java.lang.Object, int, java.lang.Object, int, java.lang.Object, java.lang.Object)'> (0x0000000086c1c850) 
thrown [s\open\src\hotspot\share\interpreter\linkResolver.cpp, line 759]
Event: 15.345 Thread 0x0000022880db4830 Exception <a 'java/lang/NoSuchMethodError'{0x0000000086c6d7f8}: 'java.lang.Object java.lang.invoke.DirectMethodHandle$Holder.newInvokeSpecial(java.lang.Object, java.lang.Object, java.lang.Object, java.lang.Object, java.lang.Object, java.lang.Object, java.lang.Object, int)'> (0x0000000086c6d7f8) 
thrown [s\open\src\hotspot\share\interpreter\linkResolver.cpp, line 759]
Event: 15.345 Thread 0x0000022880db4830 Exception <a 'java/lang/NoSuchMethodError'{0x0000000086c727f0}: 'java.lang.Object java.lang.invoke.DirectMethodHandle$Holder.invokeSpecial(java.lang.Object, java.lang.Object, java.lang.Object, java.lang.Object, java.lang.Object, java.lang.Object, java.lang.Object, java.lang.Object, int)'> (0x0000000086c727f0) 
thrown [s\open\src\hotspot\share\interpreter\linkResolver.cpp, line 759]
Event: 15.345 Thread 0x0000022880db4830 Exception <a 'java/lang/NoSuchMethodError'{0x0000000086c772d0}: 'java.lang.Object java.lang.invoke.Invokers$Holder.linkToTargetMethod(java.lang.Object, java.lang.Object, java.lang.Object, java.lang.Object, java.lang.Object, java.lang.Object, int, java.lang.Object)'> (0x0000000086c772d0) 
thrown [s\open\src\hotspot\share\interpreter\linkResolver.cpp, line 759]
Event: 15.624 Thread 0x0000022880db4830 Exception <a 'java/lang/IncompatibleClassChangeError'{0x0000000087443128}: Found class java.lang.Object, but interface was expected> (0x0000000087443128) 
thrown [s\open\src\hotspot\share\interpreter\linkResolver.cpp, line 826]
Event: 15.680 Thread 0x0000022880db4830 Exception <a 'java/lang/IncompatibleClassChangeError'{0x0000000087268680}: Found class java.lang.Object, but interface was expected> (0x0000000087268680) 
thrown [s\open\src\hotspot\share\interpreter\linkResolver.cpp, line 826]
Event: 15.791 Thread 0x0000022880db4830 Exception <a 'java/lang/IncompatibleClassChangeError'{0x0000000086dee888}: Found class java.lang.Object, but interface was expected> (0x0000000086dee888) 
thrown [s\open\src\hotspot\share\interpreter\linkResolver.cpp, line 826]
Event: 15.933 Thread 0x0000022880db4830 Exception <a 'java/lang/reflect/InvocationTargetException'{0x0000000087d01140}> (0x0000000087d01140) 
thrown [s\open\src\hotspot\share\runtime\reflection.cpp, line 1121]
Event: 15.945 Thread 0x0000022880db4830 Exception <a 'java/lang/NoSuchMethodError'{0x0000000087d7ea80}: 'int java.lang.invoke.DirectMethodHandle$Holder.invokeStatic(java.lang.Object, java.lang.Object, int)'> (0x0000000087d7ea80) 
thrown [s\open\src\hotspot\share\interpreter\linkResolver.cpp, line 759]
Event: 15.951 Thread 0x0000022880db4830 Exception <a 'java/lang/IncompatibleClassChangeError'{0x0000000087dc4698}: Found class java.lang.Object, but interface was expected> (0x0000000087dc4698) 
thrown [s\open\src\hotspot\share\interpreter\linkResolver.cpp, line 826]
Event: 16.011 Thread 0x0000022880db4830 Exception <a 'java/lang/NoSuchMethodError'{0x0000000087b8d410}: 'java.lang.Object java.lang.invoke.DirectMethodHandle$Holder.invokeStatic(java.lang.Object, int, java.lang.Object)'> (0x0000000087b8d410) 
thrown [s\open\src\hotspot\share\interpreter\linkResolver.cpp, line 759]
Event: 16.020 Thread 0x0000022880db4830 Exception <a 'java/lang/reflect/InvocationTargetException'{0x0000000087bc8260}> (0x0000000087bc8260) 
thrown [s\open\src\hotspot\share\runtime\reflection.cpp, line 1121]
Event: 16.028 Thread 0x0000022880db4830 Exception <a 'java/lang/reflect/InvocationTargetException'{0x0000000087bdf0f0}> (0x0000000087bdf0f0) 
thrown [s\open\src\hotspot\share\runtime\reflection.cpp, line 1121]
Event: 16.038 Thread 0x0000022880db4830 Exception <a 'java/lang/reflect/InvocationTargetException'{0x0000000087a21e58}> (0x0000000087a21e58) 
thrown [s\open\src\hotspot\share\runtime\reflection.cpp, line 1121]

VM Operations (20 events):
Event: 15.419 Executing VM operation: HandshakeAllThreads done
Event: 15.669 Executing VM operation: HandshakeAllThreads
Event: 15.669 Executing VM operation: HandshakeAllThreads done
Event: 15.805 Executing VM operation: HandshakeAllThreads
Event: 15.805 Executing VM operation: HandshakeAllThreads done
Event: 15.810 Executing VM operation: HandshakeAllThreads
Event: 15.810 Executing VM operation: HandshakeAllThreads done
Event: 15.837 Executing VM operation: G1CollectForAllocation
Event: 15.845 Executing VM operation: G1CollectForAllocation done
Event: 15.887 Executing VM operation: G1Concurrent
Event: 15.894 Executing VM operation: G1Concurrent done
Event: 15.912 Executing VM operation: G1Concurrent
Event: 15.912 Executing VM operation: G1Concurrent done
Event: 16.281 Executing VM operation: G1CollectForAllocation
Event: 16.288 Executing VM operation: G1CollectForAllocation done
Event: 16.292 Executing VM operation: G1CollectForAllocation
Event: 16.296 Executing VM operation: G1CollectForAllocation done
Event: 16.305 Executing VM operation: HandshakeAllThreads
Event: 16.305 Executing VM operation: HandshakeAllThreads done
Event: 16.347 Executing VM operation: G1CollectForAllocation

Events (20 events):
Event: 15.755 loading class java/util/WeakHashMap$KeyIterator
Event: 15.755 loading class java/util/WeakHashMap$KeyIterator done
Event: 15.801 loading class java/lang/Package$1PackageInfoProxy
Event: 15.801 loading class java/lang/Package$1PackageInfoProxy done
Event: 15.827 loading class java/util/stream/ReduceOps$5
Event: 15.828 loading class java/util/stream/ReduceOps$5 done
Event: 15.828 loading class java/util/stream/ReduceOps$CountingSink$OfRef
Event: 15.828 loading class java/util/stream/ReduceOps$CountingSink$OfRef done
Event: 15.984 loading class java/util/regex/Pattern$Bound
Event: 15.985 loading class java/util/regex/Pattern$Bound done
Event: 15.985 loading class java/util/regex/Pattern$SliceI
Event: 15.985 loading class java/util/regex/Pattern$SliceI done
Event: 15.985 loading class java/util/regex/Pattern$LookBehindEndNode
Event: 15.985 loading class java/util/regex/Pattern$LookBehindEndNode done
Event: 15.985 loading class java/util/regex/Pattern$NotBehind
Event: 15.986 loading class java/util/regex/Pattern$NotBehind done
Event: 15.986 loading class java/util/regex/Pattern$Neg
Event: 15.986 loading class java/util/regex/Pattern$Neg done
Event: 15.986 loading class java/util/regex/Pattern$Behind
Event: 15.986 loading class java/util/regex/Pattern$Behind done


Dynamic libraries:
0x00007ff6c8620000 - 0x00007ff6c8630000 	C:\Program Files\Java\jdk-17\bin\java.exe
0x00007ffa1c820000 - 0x00007ffa1ca87000 	C:\WINDOWS\SYSTEM32\ntdll.dll
0x00007ffa1b6a0000 - 0x00007ffa1b76a000 	C:\WINDOWS\System32\KERNEL32.DLL
0x00007ffa19af0000 - 0x00007ffa19ef2000 	C:\WINDOWS\System32\KERNELBASE.dll
0x00007ffa1a1f0000 - 0x00007ffa1a33c000 	C:\WINDOWS\System32\ucrtbase.dll
0x00007ffa16360000 - 0x00007ffa16379000 	C:\Program Files\Java\jdk-17\bin\jli.dll
0x00007ffa16340000 - 0x00007ffa1635b000 	C:\Program Files\Java\jdk-17\bin\VCRUNTIME140.dll
0x00007ffa1b950000 - 0x00007ffa1ba0c000 	C:\WINDOWS\System32\ADVAPI32.dll
0x00007ffa1a7d0000 - 0x00007ffa1a879000 	C:\WINDOWS\System32\msvcrt.dll
0x00007ffa1af60000 - 0x00007ffa1b009000 	C:\WINDOWS\System32\sechost.dll
0x00007ffa1b800000 - 0x00007ffa1b918000 	C:\WINDOWS\System32\RPCRT4.dll
0x00007ffa1b3a0000 - 0x00007ffa1b56f000 	C:\WINDOWS\System32\USER32.dll
0x00007ffa19f00000 - 0x00007ffa19f27000 	C:\WINDOWS\System32\win32u.dll
0x00007ff9ff560000 - 0x00007ff9ff7f0000 	C:\WINDOWS\WinSxS\amd64_microsoft.windows.common-controls_6595b64144ccf1df_6.0.26100.9278_none_3e0d1ba8e3303201\COMCTL32.dll
0x00007ffa1b920000 - 0x00007ffa1b94b000 	C:\WINDOWS\System32\GDI32.dll
0x00007ffa19f30000 - 0x00007ffa1a059000 	C:\WINDOWS\System32\gdi32full.dll
0x00007ffa1a4a0000 - 0x00007ffa1a543000 	C:\WINDOWS\System32\msvcp_win.dll
0x00007ffa0b0d0000 - 0x00007ffa0b0db000 	C:\WINDOWS\SYSTEM32\VERSION.dll
0x00007ffa1aa20000 - 0x00007ffa1aa51000 	C:\WINDOWS\System32\IMM32.DLL
0x00007ffa16330000 - 0x00007ffa1633c000 	C:\Program Files\Java\jdk-17\bin\vcruntime140_1.dll
0x00007ff9e9b80000 - 0x00007ff9e9c0e000 	C:\Program Files\Java\jdk-17\bin\msvcp140.dll
0x00007ff942180000 - 0x00007ff942d60000 	C:\Program Files\Java\jdk-17\bin\server\jvm.dll
0x00007ffa1a7c0000 - 0x00007ffa1a7c8000 	C:\WINDOWS\System32\PSAPI.DLL
0x00007ffa036b0000 - 0x00007ffa036e6000 	C:\WINDOWS\SYSTEM32\WINMM.dll
0x00007ff9ee040000 - 0x00007ff9ee04a000 	C:\WINDOWS\SYSTEM32\WSOCK32.dll
0x00007ffa1a550000 - 0x00007ffa1a5d0000 	C:\WINDOWS\System32\WS2_32.dll
0x00007ffa186c0000 - 0x00007ffa186db000 	C:\WINDOWS\SYSTEM32\kernel.appcore.dll
0x00007ffa16320000 - 0x00007ffa1632a000 	C:\Program Files\Java\jdk-17\bin\jimage.dll
0x00007ffa16ef0000 - 0x00007ffa17132000 	C:\WINDOWS\SYSTEM32\DBGHELP.DLL
0x00007ffa1c3d0000 - 0x00007ffa1c754000 	C:\WINDOWS\System32\combase.dll
0x00007ffa1b270000 - 0x00007ffa1b349000 	C:\WINDOWS\System32\OLEAUT32.dll
0x00007ff9fa190000 - 0x00007ff9fa1cb000 	C:\WINDOWS\SYSTEM32\dbgcore.DLL
0x00007ffa1a3e0000 - 0x00007ffa1a48c000 	C:\WINDOWS\System32\bcryptPrimitives.dll
0x00007ffa13e60000 - 0x00007ffa13e85000 	C:\Program Files\Java\jdk-17\bin\java.dll
0x00007ff99ffa0000 - 0x00007ff9a0077000 	C:\Program Files\Java\jdk-17\bin\jsvml.dll
0x00007ffa1bc30000 - 0x00007ffa1c3c8000 	C:\WINDOWS\System32\SHELL32.dll
0x00007ffa17450000 - 0x00007ffa17cfe000 	C:\WINDOWS\SYSTEM32\windows.storage.dll
0x00007ffa1b5a0000 - 0x00007ffa1b69b000 	C:\WINDOWS\System32\SHCORE.dll
0x00007ffa1aa60000 - 0x00007ffa1aac6000 	C:\WINDOWS\System32\shlwapi.dll
0x00007ffa19950000 - 0x00007ffa19979000 	C:\WINDOWS\SYSTEM32\profapi.dll
0x00007ffa09480000 - 0x00007ffa09499000 	C:\Program Files\Java\jdk-17\bin\net.dll
0x00007ffa11b20000 - 0x00007ffa11c4a000 	C:\WINDOWS\SYSTEM32\WINHTTP.dll
0x00007ffa18c60000 - 0x00007ffa18ccc000 	C:\WINDOWS\system32\mswsock.dll
0x00007ffa01fd0000 - 0x00007ffa01fe6000 	C:\Program Files\Java\jdk-17\bin\nio.dll
0x00007ffa01f00000 - 0x00007ffa01f18000 	C:\Program Files\Java\jdk-17\bin\zip.dll
0x00007ffa09370000 - 0x00007ffa09380000 	C:\Program Files\Java\jdk-17\bin\verify.dll
0x00007ffa02160000 - 0x00007ffa0216a000 	C:\Program Files\Java\jdk-17\bin\management.dll
0x00007ffa01e40000 - 0x00007ffa01e4b000 	C:\Program Files\Java\jdk-17\bin\management_ext.dll
0x00007ffa01bd0000 - 0x00007ffa01bde000 	C:\Program Files\Java\jdk-17\bin\sunmscapi.dll
0x00007ffa1a060000 - 0x00007ffa1a1de000 	C:\WINDOWS\System32\CRYPT32.dll
0x00007ffa191f0000 - 0x00007ffa19220000 	C:\WINDOWS\SYSTEM32\ncrypt.dll
0x00007ffa191a0000 - 0x00007ffa191df000 	C:\WINDOWS\SYSTEM32\NTASN1.dll
0x00007ffa19080000 - 0x00007ffa1909b000 	C:\WINDOWS\SYSTEM32\CRYPTSP.dll
0x00007ffa18620000 - 0x00007ffa18659000 	C:\WINDOWS\system32\rsaenh.dll
0x00007ffa18d10000 - 0x00007ffa18d44000 	C:\WINDOWS\SYSTEM32\USERENV.dll
0x00007ffa19920000 - 0x00007ffa1994a000 	C:\WINDOWS\SYSTEM32\bcrypt.dll
0x00007ffa18ec0000 - 0x00007ffa18ecc000 	C:\WINDOWS\SYSTEM32\CRYPTBASE.dll
0x00007ffa181c0000 - 0x00007ffa181f3000 	C:\WINDOWS\SYSTEM32\IPHLPAPI.DLL
0x00007ffa1b170000 - 0x00007ffa1b17a000 	C:\WINDOWS\System32\NSI.dll
0x00007ffa11910000 - 0x00007ffa1192d000 	C:\WINDOWS\SYSTEM32\dhcpcsvc6.DLL
0x00007ffa118e0000 - 0x00007ffa11905000 	C:\WINDOWS\SYSTEM32\dhcpcsvc.DLL
0x00007ffa18200000 - 0x00007ffa18358000 	C:\WINDOWS\SYSTEM32\DNSAPI.dll
0x00007ffa18a60000 - 0x00007ffa18a6d000 	C:\WINDOWS\SYSTEM32\DSPARSE.dll
0x00007ffa0fe60000 - 0x00007ffa0fe6b000 	C:\Windows\System32\rasadhlp.dll
0x00007ffa10030000 - 0x00007ffa100b6000 	C:\WINDOWS\System32\fwpuclnt.dll

dbghelp: loaded successfully - version: 4.0.5 - missing functions: none
symbol engine: initialized successfully - sym options: 0x614 - pdb path: .;C:\Program Files\Java\jdk-17\bin;C:\WINDOWS\SYSTEM32;C:\WINDOWS\WinSxS\amd64_microsoft.windows.common-controls_6595b64144ccf1df_6.0.26100.9278_none_3e0d1ba8e3303201;C:\Program Files\Java\jdk-17\bin\server

VM Arguments:
jvm_args: -XX:TieredStopAtLevel=1 
java_command: com.celebstash.backend.BackendApplication
java_class_path (initial): C:\Users\karab\OneDrive\Desktop\zikiii\celebstash_back\target\classes;C:\Users\karab\.m2\repository\ch\qos\logback\logback-classic\1.5.18\logback-classic-1.5.18.jar;C:\Users\karab\.m2\repository\ch\qos\logback\logback-core\1.5.18\logback-core-1.5.18.jar;C:\Users\karab\.m2\repository\org\apache\logging\log4j\log4j-to-slf4j\2.24.3\log4j-to-slf4j-2.24.3.jar;C:\Users\karab\.m2\repository\org\apache\logging\log4j\log4j-api\2.24.3\log4j-api-2.24.3.jar;C:\Users\karab\.m2\repository\org\slf4j\jul-to-slf4j\2.0.17\jul-to-slf4j-2.0.17.jar;C:\Users\karab\.m2\repository\jakarta\annotation\jakarta.annotation-api\2.1.1\jakarta.annotation-api-2.1.1.jar;C:\Users\karab\.m2\repository\org\yaml\snakeyaml\2.4\snakeyaml-2.4.jar;C:\Users\karab\.m2\repository\org\springframework\boot\spring-boot-actuator-autoconfigure\3.5.5\spring-boot-actuator-autoconfigure-3.5.5.jar;C:\Users\karab\.m2\repository\org\springframework\boot\spring-boot-actuator\3.5.5\spring-boot-actuator-3.5.5.jar;C:\Users\karab\.m2\repository\io\micrometer\micrometer-observation\1.15.3\micrometer-observation-1.15.3.jar;C:\Users\karab\.m2\repository\io\micrometer\micrometer-commons\1.15.3\micrometer-commons-1.15.3.jar;C:\Users\karab\.m2\repository\io\micrometer\micrometer-jakarta9\1.15.3\micrometer-jakarta9-1.15.3.jar;C:\Users\karab\.m2\repository\io\micrometer\micrometer-core\1.15.3\micrometer-core-1.15.3.jar;C:\Users\karab\.m2\repository\org\hdrhistogram\HdrHistogram\2.2.2\HdrHistogram-2.2.2.jar;C:\Users\karab\.m2\repository\org\latencyutils\LatencyUtils\2.0.3\LatencyUtils-2.0.3.jar;C:\Users\karab\.m2\repository\com\zaxxer\HikariCP\6.3.2\HikariCP-6.3.2.jar;C:\Users\karab\.m2\repository\org\springframework\spring-jdbc\6.2.10\spring-jdbc-6.2.10.jar;C:\Users\karab\.m2\repository\org\hibernate\orm\hibernate-core\6.6.26.Final\hibernate-core-6.6.26.Final.jar;C:\Users\karab\.m2\repository\jakarta\persistence\jakarta.persistence-api\3.1.0\jakarta.persistence-api-3.1.0.jar;C:\Users\karab\.m2\repository\
Launcher Type: SUN_STANDARD

[Global flags]
     intx CICompilerCount                          = 4                                         {product} {ergonomic}
     uint ConcGCThreads                            = 2                                         {product} {ergonomic}
     uint G1ConcRefinementThreads                  = 8                                         {product} {ergonomic}
   size_t G1HeapRegionSize                         = 1048576                                   {product} {ergonomic}
    uintx GCDrainStackTargetSize                   = 64                                        {product} {ergonomic}
   size_t InitialHeapSize                          = 132120576                                 {product} {ergonomic}
   size_t MarkStackSize                            = 4194304                                   {product} {ergonomic}
   size_t MaxHeapSize                              = 2090860544                                {product} {ergonomic}
   size_t MaxNewSize                               = 1254096896                                {product} {ergonomic}
   size_t MinHeapDeltaBytes                        = 1048576                                   {product} {ergonomic}
   size_t MinHeapSize                              = 8388608                                   {product} {ergonomic}
    uintx NonProfiledCodeHeapSize                  = 0                                      {pd product} {ergonomic}
     bool ProfileInterpreter                       = false                                  {pd product} {command line}
    uintx ProfiledCodeHeapSize                     = 0                                      {pd product} {ergonomic}
   size_t SoftMaxHeapSize                          = 2090860544                             {manageable} {ergonomic}
     intx TieredStopAtLevel                        = 1                                         {product} {command line}
     bool UseCompressedClassPointers               = true                           {product lp64_product} {ergonomic}
     bool UseCompressedOops                        = true                           {product lp64_product} {ergonomic}
     bool UseG1GC                                  = true                                      {product} {ergonomic}
     bool UseLargePagesIndividualAllocation        = false                                  {pd product} {ergonomic}

Logging:
Log output configuration:
 #0: stdout all=warning uptime,level,tags
 #1: stderr all=off uptime,level,tags

Environment Variables:
JAVA_HOME=C:\Program Files\Java\jdk-17
PATH=C:\Users\karab\AppData\Local\fnm_multishells\32996_1788624998310;C:\Program Files\Common Files\Oracle\Java\javapath;C:\WINDOWS\system32;C:\WINDOWS;C:\WINDOWS\System32\Wbem;C:\WINDOWS\System32\WindowsPowerShell\v1.0\;C:\WINDOWS\System32\OpenSSH\;C:\Program Files\Java\jdk-17\bin;C:\Tomcat\bin;C:\Program Files\nodejs\;C:\Program Files\Apache\maven\apache-maven-3.9.9\bin;C:\Program Files\Docker\Docker\resources\bin;C:\platform-tools;C:\Program Files\Git\cmd;C:\xampp\php;C:\composer;C:\Program Files\Cloudflare\Cloudflare WARP\;C:\Users\karab\.cargo\bin;C:\Users\karab\AppData\Local\Programs\Python\Python312\Scripts\;C:\Users\karab\AppData\Local\Programs\Python\Python312\;C:\Users\karab\AppData\Local\Programs\Python\Launcher\;C:\Users\karab\AppData\Local\Microsoft\WindowsApps;C:\Users\karab\AppData\Local\Microsoft\WinGet\Packages\Schniz.fnm_Microsoft.Winget.Source_8wekyb3d8bbwe;C:\Program Files (x86)\MongoDB Atlas CLI\;C:\Program Files (x86)\Nmap;C:\Users\karab\dev\flutter\bin;C:\Users\karab\AppData\Local\JetBrains\Toolbox\scripts;C:\Users\karab\AppData\Roaming\npm;C:\Users\karab\AppData\Local\Programs\cursor\resources\app\bin;C:\Users\karab\AppData\Roaming\Composer\vendor\bin;C:\Users\karab\AppData\Local\Programs\Windsurf\bin;C:\Users\karab\AppData\Local\Programs\Antigravity\bin;C:\Users\karab\AppData\Local\Programs\Kiro\bin
USERNAME=karab
LANG=en_US.UTF-8
OS=Windows_NT
PROCESSOR_IDENTIFIER=Intel64 Family 6 Model 140 Stepping 1, GenuineIntel



---------------  S Y S T E M  ---------------

OS:
 Windows 11 , 64 bit Build 26100 (10.0.26100.9278)
OS uptime: 3 days 17:40 hours
Hyper-V role detected

CPU: total 8 (initial active 8) (4 cores per cpu, 2 threads per core) family 6 model 140 stepping 1 microcode 0xa4, cx8, cmov, fxsr, ht, mmx, 3dnowpref, sse, sse2, sse3, ssse3, sse4.1, sse4.2, popcnt, lzcnt, tsc, tscinvbit, avx, avx2, aes, erms, clmul, bmi1, bmi2, adx, avx512f, avx512dq, avx512cd, avx512bw, avx512vl, sha, fma, vzeroupper, avx512_vpopcntdq, avx512_vpclmulqdq, avx512_vaes, avx512_vnni, clflush, clflushopt, clwb, avx512_vbmi2, avx512_vbmi, hv

Memory: 4k page, system-wide physical 7975M (292M free)
TotalPageFile size 32551M (AvailPageFile size 7M)
current process WorkingSet (physical memory assigned to process): 218M, peak: 218M
current process commit charge ("private bytes"): 330M, peak: 354M

vm_info: Java HotSpot(TM) 64-Bit Server VM (17.0.12+8-LTS-286) for windows-amd64 JRE (17.0.12+8-LTS-286), built on Jun  5 2024 06:46:59 by "mach5one" with MS VC++ 17.6 (VS2022)

END.
